[29апр.2026 21:32:02.997] [main/INFO] [cpw.mods.modlauncher.Launcher/MODLAUNCHER]: ModLauncher running: args [--username, nom4d, --version, EbenTechno, --gameDir, C:\Users\nom4d\AppData\Roaming\.tlauncher\legacy\Minecraft\game\home\EbenTechno, --assetsDir, C:\Users\nom4d\AppData\Roaming\.tlauncher\legacy\Minecraft\game\assets, --assetIndex, 17, --uuid, e7ca9d8357f631e18623332ad4359215, --accessToken, ❄❄❄❄❄❄❄❄, --clientId, , --xuid, , --userType, legacy, --versionType, release, --width, 925, --height, 530, --fml.neoForgeVersion, 21.1.228, --fml.fmlVersion, 4.0.42, --fml.mcVersion, 1.21.1, --fml.neoFormVersion, 20240808.144430, --launchTarget, forgeclient]
[29апр.2026 21:32:03.000] [main/INFO] [cpw.mods.modlauncher.Launcher/MODLAUNCHER]: JVM identified as Microsoft OpenJDK 64-Bit Server VM 21.0.7+6-LTS
[29апр.2026 21:32:03.002] [main/INFO] [cpw.mods.modlauncher.Launcher/MODLAUNCHER]: ModLauncher 11.0.5+main.901c6ea8 starting: java version 21.0.7 by Microsoft; OS Windows 11 arch amd64 version 10.0
[29апр.2026 21:32:03.021] [main/DEBUG] [cpw.mods.modlauncher.LaunchServiceHandler/MODLAUNCHER]: Found launch services [minecraft,forgeclient,forgedatauserdev,testharness,forgeserverdev,forgeserveruserdev,forgejunitdev,forgeclientdev,forgeclientuserdev,forgeserver,forgejunituserdev,forgedatadev]
[29апр.2026 21:32:03.040] [main/DEBUG] [cpw.mods.modlauncher.LaunchPluginHandler/MODLAUNCHER]: Found launch plugins: [mixin,slf4jfixer,runtime_enum_extender,accesstransformer,runtimedistcleaner]
[29апр.2026 21:32:03.049] [main/DEBUG] [cpw.mods.modlauncher.TransformationServicesHandler/MODLAUNCHER]: Discovering transformation services
[29апр.2026 21:32:03.054] [main/DEBUG] [net.neoforged.fml.loading.FMLPaths/CORE]: Path GAMEDIR is C:\Users\nom4d\AppData\Roaming\.tlauncher\legacy\Minecraft\game\home\EbenTechno
[29апр.2026 21:32:03.054] [main/DEBUG] [net.neoforged.fml.loading.FMLPaths/CORE]: Path MODSDIR is C:\Users\nom4d\AppData\Roaming\.tlauncher\legacy\Minecraft\game\home\EbenTechno\mods
[29апр.2026 21:32:03.054] [main/DEBUG] [net.neoforged.fml.loading.FMLPaths/CORE]: Path CONFIGDIR is C:\Users\nom4d\AppData\Roaming\.tlauncher\legacy\Minecraft\game\home\EbenTechno\config
[29апр.2026 21:32:03.054] [main/DEBUG] [net.neoforged.fml.loading.FMLPaths/CORE]: Path FMLCONFIG is C:\Users\nom4d\AppData\Roaming\.tlauncher\legacy\Minecraft\game\home\EbenTechno\config\fml.toml
[29апр.2026 21:32:03.086] [main/TRACE] [net.neoforged.fml.loading.FMLConfig/CORE]: Loaded FML config from C:\Users\nom4d\AppData\Roaming\.tlauncher\legacy\Minecraft\game\home\EbenTechno\config\fml.toml
[29апр.2026 21:32:03.087] [main/TRACE] [net.neoforged.fml.loading.FMLConfig/CORE]: FMLConfig disableConfigWatcher is false
[29апр.2026 21:32:03.087] [main/TRACE] [net.neoforged.fml.loading.FMLConfig/CORE]: FMLConfig earlyWindowControl is true
[29апр.2026 21:32:03.087] [main/TRACE] [net.neoforged.fml.loading.FMLConfig/CORE]: FMLConfig maxThreads is 12
[29апр.2026 21:32:03.087] [main/TRACE] [net.neoforged.fml.loading.FMLConfig/CORE]: FMLConfig versionCheck is true
[29апр.2026 21:32:03.087] [main/TRACE] [net.neoforged.fml.loading.FMLConfig/CORE]: FMLConfig defaultConfigPath is defaultconfigs
[29апр.2026 21:32:03.087] [main/TRACE] [net.neoforged.fml.loading.FMLConfig/CORE]: FMLConfig disableOptimizedDFU is true
[29апр.2026 21:32:03.087] [main/TRACE] [net.neoforged.fml.loading.FMLConfig/CORE]: FMLConfig earlyWindowProvider is fmlearlywindow
[29апр.2026 21:32:03.087] [main/TRACE] [net.neoforged.fml.loading.FMLConfig/CORE]: FMLConfig earlyWindowWidth is 925
[29апр.2026 21:32:03.087] [main/TRACE] [net.neoforged.fml.loading.FMLConfig/CORE]: FMLConfig earlyWindowHeight is 530
[29апр.2026 21:32:03.087] [main/TRACE] [net.neoforged.fml.loading.FMLConfig/CORE]: FMLConfig earlyWindowFBScale is 1
[29апр.2026 21:32:03.087] [main/TRACE] [net.neoforged.fml.loading.FMLConfig/CORE]: FMLConfig earlyWindowMaximized is false
[29апр.2026 21:32:03.088] [main/TRACE] [net.neoforged.fml.loading.FMLConfig/CORE]: FMLConfig earlyWindowSkipGLVersions is []
[29апр.2026 21:32:03.088] [main/TRACE] [net.neoforged.fml.loading.FMLConfig/CORE]: FMLConfig earlyWindowSquir is false
[29апр.2026 21:32:03.092] [main/DEBUG] [cpw.mods.modlauncher.TransformationServicesHandler/MODLAUNCHER]: Found additional transformation services from discovery services: 
[29апр.2026 21:32:03.098] [main/INFO] [net.neoforged.fml.loading.ImmediateWindowHandler/]: Loading ImmediateWindowProvider fmlearlywindow
[29апр.2026 21:32:03.207] [main/INFO] [EARLYDISPLAY/]: Trying GL version 4.6
[29апр.2026 21:32:03.375] [main/INFO] [EARLYDISPLAY/]: Requested GL version 4.6 got version 4.6
[29апр.2026 21:32:03.422] [main/DEBUG] [cpw.mods.modlauncher.TransformationServicesHandler/MODLAUNCHER]: Found transformer services : [mixin,fml]
[29апр.2026 21:32:03.422] [main/DEBUG] [cpw.mods.modlauncher.TransformationServicesHandler/MODLAUNCHER]: Transformation services loading
[29апр.2026 21:32:03.423] [main/DEBUG] [cpw.mods.modlauncher.TransformationServiceDecorator/MODLAUNCHER]: Loading service mixin
[29апр.2026 21:32:03.423] [main/DEBUG] [cpw.mods.modlauncher.TransformationServiceDecorator/MODLAUNCHER]: Loaded service mixin
[29апр.2026 21:32:03.423] [main/DEBUG] [cpw.mods.modlauncher.TransformationServiceDecorator/MODLAUNCHER]: Loading service fml
[29апр.2026 21:32:03.423] [main/DEBUG] [net.neoforged.fml.loading.FMLLoader/CORE]: FML 4.0.42 loading
[29апр.2026 21:32:03.423] [main/DEBUG] [net.neoforged.fml.loading.FMLLoader/CORE]: FML found ModLauncher version : 11.0.5+main.901c6ea8
[29апр.2026 21:32:03.425] [main/DEBUG] [net.neoforged.fml.loading.FMLLoader/CORE]: FML found AccessTransformer version : 10.0.1+139da711
[29апр.2026 21:32:03.425] [main/DEBUG] [net.neoforged.fml.loading.FMLLoader/CORE]: FML found EventBus version : null
[29апр.2026 21:32:03.425] [main/DEBUG] [net.neoforged.fml.loading.FMLLoader/CORE]: Found Runtime Dist Cleaner
[29апр.2026 21:32:03.425] [main/DEBUG] [cpw.mods.modlauncher.TransformationServiceDecorator/MODLAUNCHER]: Loaded service fml
[29апр.2026 21:32:03.426] [main/DEBUG] [cpw.mods.modlauncher.TransformationServicesHandler/MODLAUNCHER]: Configuring option handling for services
[29апр.2026 21:32:03.440] [main/DEBUG] [net.neoforged.fml.loading.FMLServiceProvider/CORE]: Received command line version data  : VersionInfo[neoForgeVersion=21.1.228, fmlVersion=4.0.42, mcVersion=1.21.1, neoFormVersion=20240808.144430]
[29апр.2026 21:32:03.440] [main/DEBUG] [cpw.mods.modlauncher.TransformationServicesHandler/MODLAUNCHER]: Transformation services initializing
[29апр.2026 21:32:03.442] [main/DEBUG] [cpw.mods.modlauncher.TransformationServiceDecorator/MODLAUNCHER]: Initializing transformation service mixin
[29апр.2026 21:32:03.452] [main/DEBUG] [mixin/]: MixinService [ModLauncher] was successfully booted in cpw.mods.cl.ModuleClassLoader@6e171cd7
[29апр.2026 21:32:03.465] [main/INFO] [mixin/]: SpongePowered MIXIN Subsystem Version=0.8.7 Source=union:/C:/Users/nom4d/AppData/Roaming/.tlauncher/legacy/Minecraft/game/libraries/net/fabricmc/sponge-mixin/0.15.2+mixin.0.8.7/sponge-mixin-0.15.2+mixin.0.8.7.jar%23121!/ Service=ModLauncher Env=CLIENT
[29апр.2026 21:32:03.468] [main/DEBUG] [mixin/]: Initialising Mixin Platform Manager
[29апр.2026 21:32:03.468] [main/DEBUG] [mixin/]: Adding mixin platform agents for container ModLauncher Root Container(ModLauncher:4f56a0a2)
[29апр.2026 21:32:03.468] [main/DEBUG] [mixin/]: Instancing new MixinPlatformAgentMinecraftForge for ModLauncher Root Container(ModLauncher:4f56a0a2)
[29апр.2026 21:32:03.469] [main/DEBUG] [mixin/]: MixinPlatformAgentMinecraftForge rejected container ModLauncher Root Container(ModLauncher:4f56a0a2)
[29апр.2026 21:32:03.469] [main/DEBUG] [mixin/]: Instancing new MixinPlatformAgentDefault for ModLauncher Root Container(ModLauncher:4f56a0a2)
[29апр.2026 21:32:03.469] [main/DEBUG] [mixin/]: MixinPlatformAgentDefault accepted container ModLauncher Root Container(ModLauncher:4f56a0a2)
[29апр.2026 21:32:03.470] [main/DEBUG] [cpw.mods.modlauncher.TransformationServiceDecorator/MODLAUNCHER]: Initialized transformation service mixin
[29апр.2026 21:32:03.470] [main/DEBUG] [cpw.mods.modlauncher.TransformationServiceDecorator/MODLAUNCHER]: Initializing transformation service fml
[29апр.2026 21:32:03.471] [main/DEBUG] [net.neoforged.fml.loading.FMLServiceProvider/CORE]: Setting up basic FML game directories
[29апр.2026 21:32:03.471] [main/DEBUG] [net.neoforged.fml.loading.FMLPaths/CORE]: Path GAMEDIR is C:\Users\nom4d\AppData\Roaming\.tlauncher\legacy\Minecraft\game\home\EbenTechno
[29апр.2026 21:32:03.471] [main/DEBUG] [net.neoforged.fml.loading.FMLPaths/CORE]: Path MODSDIR is C:\Users\nom4d\AppData\Roaming\.tlauncher\legacy\Minecraft\game\home\EbenTechno\mods
[29апр.2026 21:32:03.471] [main/DEBUG] [net.neoforged.fml.loading.FMLPaths/CORE]: Path CONFIGDIR is C:\Users\nom4d\AppData\Roaming\.tlauncher\legacy\Minecraft\game\home\EbenTechno\config
[29апр.2026 21:32:03.472] [main/DEBUG] [net.neoforged.fml.loading.FMLPaths/CORE]: Path FMLCONFIG is C:\Users\nom4d\AppData\Roaming\.tlauncher\legacy\Minecraft\game\home\EbenTechno\config\fml.toml
[29апр.2026 21:32:03.472] [main/DEBUG] [net.neoforged.fml.loading.FMLServiceProvider/CORE]: Loading configuration
[29апр.2026 21:32:03.474] [main/TRACE] [net.neoforged.fml.loading.FMLConfig/CORE]: Loaded FML config from C:\Users\nom4d\AppData\Roaming\.tlauncher\legacy\Minecraft\game\home\EbenTechno\config\fml.toml
[29апр.2026 21:32:03.474] [main/TRACE] [net.neoforged.fml.loading.FMLConfig/CORE]: FMLConfig disableConfigWatcher is false
[29апр.2026 21:32:03.474] [main/TRACE] [net.neoforged.fml.loading.FMLConfig/CORE]: FMLConfig earlyWindowControl is true
[29апр.2026 21:32:03.474] [main/TRACE] [net.neoforged.fml.loading.FMLConfig/CORE]: FMLConfig maxThreads is 12
[29апр.2026 21:32:03.474] [main/TRACE] [net.neoforged.fml.loading.FMLConfig/CORE]: FMLConfig versionCheck is true
[29апр.2026 21:32:03.475] [main/TRACE] [net.neoforged.fml.loading.FMLConfig/CORE]: FMLConfig defaultConfigPath is defaultconfigs
[29апр.2026 21:32:03.475] [main/TRACE] [net.neoforged.fml.loading.FMLConfig/CORE]: FMLConfig disableOptimizedDFU is true
[29апр.2026 21:32:03.475] [main/TRACE] [net.neoforged.fml.loading.FMLConfig/CORE]: FMLConfig earlyWindowProvider is fmlearlywindow
[29апр.2026 21:32:03.475] [main/TRACE] [net.neoforged.fml.loading.FMLConfig/CORE]: FMLConfig earlyWindowWidth is 925
[29апр.2026 21:32:03.475] [main/TRACE] [net.neoforged.fml.loading.FMLConfig/CORE]: FMLConfig earlyWindowHeight is 530
[29апр.2026 21:32:03.475] [main/TRACE] [net.neoforged.fml.loading.FMLConfig/CORE]: FMLConfig earlyWindowFBScale is 1
[29апр.2026 21:32:03.475] [main/TRACE] [net.neoforged.fml.loading.FMLConfig/CORE]: FMLConfig earlyWindowMaximized is false
[29апр.2026 21:32:03.475] [main/TRACE] [net.neoforged.fml.loading.FMLConfig/CORE]: FMLConfig earlyWindowSkipGLVersions is []
[29апр.2026 21:32:03.475] [main/TRACE] [net.neoforged.fml.loading.FMLConfig/CORE]: FMLConfig earlyWindowSquir is false
[29апр.2026 21:32:03.477] [main/DEBUG] [net.neoforged.fml.loading.LaunchContext/SCAN]: Located paths when launch context was created: [C:\Users\nom4d\AppData\Roaming\.tlauncher\legacy\Minecraft\game\libraries\com\machinezoo\noexception\noexception\1.7.1\noexception-1.7.1.jar, C:\Users\nom4d\AppData\Roaming\.tlauncher\legacy\Minecraft\game\libraries\io\netty\netty-buffer\4.1.97.Final\netty-buffer-4.1.97.Final.jar, C:\Users\nom4d\AppData\Roaming\.tlauncher\legacy\Minecraft\game\libraries\net\java\dev\jna\jna\5.14.0\jna-5.14.0.jar, C:\Users\nom4d\AppData\Roaming\.tlauncher\legacy\Minecraft\game\libraries\com\mojang\brigadier\1.3.10\brigadier-1.3.10.jar, C:\Users\nom4d\AppData\Roaming\.tlauncher\legacy\Minecraft\game\libraries\net\neoforged\JarJarMetadata\0.4.1\JarJarMetadata-0.4.1.jar, C:\Users\nom4d\AppData\Roaming\.tlauncher\legacy\Minecraft\game\libraries\net\neoforged\accesstransformers\at-modlauncher\10.0.1\at-modlauncher-10.0.1.jar, C:\Users\nom4d\AppData\Roaming\.tlauncher\legacy\Minecraft\game\libraries\org\lwjgl\lwjgl\3.3.3\lwjgl-3.3.3-natives-windows.jar, C:\Users\nom4d\AppData\Roaming\.tlauncher\legacy\Minecraft\game\libraries\org\lwjgl\lwjgl-openal\3.3.3\lwjgl-openal-3.3.3.jar, C:\Users\nom4d\AppData\Roaming\.tlauncher\legacy\Minecraft\game\libraries\cpw\mods\modlauncher\11.0.5\modlauncher-11.0.5.jar, C:\Users\nom4d\AppData\Roaming\.tlauncher\legacy\Minecraft\game\libraries\org\joml\joml\1.10.5\joml-1.10.5.jar, C:\Users\nom4d\AppData\Roaming\.tlauncher\legacy\Minecraft\game\libraries\org\lwjgl\lwjgl-stb\3.3.3\lwjgl-stb-3.3.3-natives-windows.jar, C:\Users\nom4d\AppData\Roaming\.tlauncher\legacy\Minecraft\game\libraries\net\minecrell\terminalconsoleappender\1.3.0\terminalconsoleappender-1.3.0.jar, C:\Users\nom4d\AppData\Roaming\.tlauncher\legacy\Minecraft\game\libraries\com\google\code\gson\gson\2.10.1\gson-2.10.1.jar, C:\Users\nom4d\AppData\Roaming\.tlauncher\legacy\Minecraft\game\libraries\it\unimi\dsi\fastutil\8.5.12\fastutil-8.5.12.jar, C:\Users\nom4d\AppData\Roaming\.tlauncher\legacy\Minecraft\game\libraries\org\apache\commons\commons-lang3\3.14.0\commons-lang3-3.14.0.jar, C:\Users\nom4d\AppData\Roaming\.tlauncher\legacy\Minecraft\game\libraries\com\mojang\datafixerupper\8.0.16\datafixerupper-8.0.16.jar, C:\Users\nom4d\AppData\Roaming\.tlauncher\legacy\Minecraft\game\libraries\com\google\guava\listenablefuture\9999.0-empty-to-avoid-conflict-with-guava\listenablefuture-9999.0-empty-to-avoid-conflict-with-guava.jar, C:\Users\nom4d\AppData\Roaming\.tlauncher\legacy\Minecraft\game\libraries\com\mojang\text2speech\1.17.9\text2speech-1.17.9.jar, C:\Users\nom4d\AppData\Roaming\.tlauncher\legacy\Minecraft\game\libraries\com\mojang\blocklist\1.0.10\blocklist-1.0.10.jar, C:\Users\nom4d\AppData\Roaming\.tlauncher\legacy\Minecraft\game\libraries\commons-codec\commons-codec\1.16.0\commons-codec-1.16.0.jar, C:\Users\nom4d\AppData\Roaming\.tlauncher\legacy\Minecraft\game\libraries\org\lwjgl\lwjgl-opengl\3.3.3\lwjgl-opengl-3.3.3.jar, C:\Users\nom4d\AppData\Roaming\.tlauncher\legacy\Minecraft\game\libraries\org\apache\logging\log4j\log4j-api\2.22.1\log4j-api-2.22.1.jar, C:\Users\nom4d\AppData\Roaming\.tlauncher\legacy\Minecraft\game\libraries\org\jline\jline-reader\3.20.0\jline-reader-3.20.0.jar, C:\Users\nom4d\AppData\Roaming\.tlauncher\legacy\Minecraft\game\libraries\io\netty\netty-common\4.1.97.Final\netty-common-4.1.97.Final.jar, C:\Users\nom4d\AppData\Roaming\.tlauncher\legacy\Minecraft\game\libraries\net\neoforged\JarJarSelector\0.4.1\JarJarSelector-0.4.1.jar, C:\Users\nom4d\AppData\Roaming\.tlauncher\legacy\Minecraft\game\libraries\org\lwjgl\lwjgl-jemalloc\3.3.3\lwjgl-jemalloc-3.3.3.jar, C:\Users\nom4d\AppData\Roaming\.tlauncher\legacy\Minecraft\game\libraries\net\jodah\typetools\0.6.3\typetools-0.6.3.jar, C:\Users\nom4d\AppData\Roaming\.tlauncher\legacy\Minecraft\game\libraries\org\lwjgl\lwjgl-opengl\3.3.3\lwjgl-opengl-3.3.3-natives-windows.jar, C:\Users\nom4d\AppData\Roaming\.tlauncher\legacy\Minecraft\game\libraries\org\lwjgl\lwjgl\3.3.3\lwjgl-3.3.3.jar, C:\Users\nom4d\AppData\Roaming\.tlauncher\legacy\Minecraft\game\libraries\net\neoforged\accesstransformers\10.0.1\accesstransformers-10.0.1.jar, C:\Users\nom4d\AppData\Roaming\.tlauncher\legacy\Minecraft\game\libraries\org\apache\logging\log4j\log4j-slf4j2-impl\2.22.1\log4j-slf4j2-impl-2.22.1.jar, C:\Users\nom4d\AppData\Roaming\.tlauncher\legacy\Minecraft\game\libraries\org\lwjgl\lwjgl-openal\3.3.3\lwjgl-openal-3.3.3-natives-windows.jar, C:\Users\nom4d\AppData\Roaming\.tlauncher\legacy\Minecraft\game\libraries\commons-logging\commons-logging\1.2\commons-logging-1.2.jar, C:\Users\nom4d\AppData\Roaming\.tlauncher\legacy\Minecraft\game\libraries\org\lz4\lz4-java\1.8.0\lz4-java-1.8.0.jar, C:\Users\nom4d\AppData\Roaming\.tlauncher\legacy\Minecraft\game\libraries\org\slf4j\slf4j-api\2.0.9\slf4j-api-2.0.9.jar, C:\Users\nom4d\AppData\Roaming\.tlauncher\legacy\Minecraft\game\libraries\com\google\code\findbugs\jsr305\3.0.2\jsr305-3.0.2.jar, C:\Users\nom4d\AppData\Roaming\.tlauncher\legacy\Minecraft\game\libraries\com\github\oshi\oshi-core\6.4.10\oshi-core-6.4.10.jar, C:\Users\nom4d\AppData\Roaming\.tlauncher\legacy\Minecraft\game\libraries\org\lwjgl\lwjgl-jemalloc\3.3.3\lwjgl-jemalloc-3.3.3-natives-windows.jar, C:\Users\nom4d\AppData\Roaming\.tlauncher\legacy\Minecraft\game\libraries\org\openjdk\nashorn\nashorn-core\15.4\nashorn-core-15.4.jar, C:\Users\nom4d\AppData\Roaming\.tlauncher\legacy\Minecraft\game\libraries\commons-io\commons-io\2.15.1\commons-io-2.15.1.jar, C:\Users\nom4d\AppData\Roaming\.tlauncher\legacy\Minecraft\game\libraries\com\google\guava\guava\32.1.2-jre\guava-32.1.2-jre.jar, C:\Users\nom4d\AppData\Roaming\.tlauncher\legacy\Minecraft\game\libraries\org\jcraft\jorbis\0.0.17\jorbis-0.0.17.jar, C:\Users\nom4d\AppData\Roaming\.tlauncher\legacy\Minecraft\game\libraries\net\java\dev\jna\jna-platform\5.14.0\jna-platform-5.14.0.jar, C:\Users\nom4d\AppData\Roaming\.tlauncher\legacy\Minecraft\game\libraries\com\ibm\icu\icu4j\73.2\icu4j-73.2.jar, C:\Users\nom4d\AppData\Roaming\.tlauncher\legacy\Minecraft\game\libraries\net\minecraftforge\srgutils\0.4.15\srgutils-0.4.15.jar, C:\Users\nom4d\AppData\Roaming\.tlauncher\legacy\Minecraft\game\libraries\net\neoforged\mergetool\2.0.0\mergetool-2.0.0-api.jar, C:\Users\nom4d\AppData\Roaming\.tlauncher\legacy\Minecraft\game\libraries\org\apache\commons\commons-compress\1.26.0\commons-compress-1.26.0.jar, C:\Users\nom4d\AppData\Roaming\.tlauncher\legacy\Minecraft\game\libraries\io\netty\netty-handler\4.1.97.Final\netty-handler-4.1.97.Final.jar, C:\Users\nom4d\AppData\Roaming\.tlauncher\legacy\Minecraft\game\libraries\net\sf\jopt-simple\jopt-simple\5.0.4\jopt-simple-5.0.4.jar, C:\Users\nom4d\AppData\Roaming\.tlauncher\legacy\Minecraft\game\libraries\org\apache\logging\log4j\log4j-core\2.22.1\log4j-core-2.22.1.jar, C:\Users\nom4d\AppData\Roaming\.tlauncher\legacy\Minecraft\game\libraries\ru\tln4\empty\0.1\empty-0.1.jar, C:\Users\nom4d\AppData\Roaming\.tlauncher\legacy\Minecraft\game\libraries\io\netty\netty-resolver\4.1.97.Final\netty-resolver-4.1.97.Final.jar, C:\Users\nom4d\AppData\Roaming\.tlauncher\legacy\Minecraft\game\libraries\com\mojang\authlib\6.0.54\authlib-6.0.54.jar, C:\Users\nom4d\AppData\Roaming\.tlauncher\legacy\Minecraft\game\libraries\io\netty\netty-codec\4.1.97.Final\netty-codec-4.1.97.Final.jar, C:\Users\nom4d\AppData\Roaming\.tlauncher\legacy\Minecraft\game\libraries\org\apache\maven\maven-artifact\3.8.5\maven-artifact-3.8.5.jar, C:\Users\nom4d\AppData\Roaming\.tlauncher\legacy\Minecraft\game\libraries\io\netty\netty-transport-classes-epoll\4.1.97.Final\netty-transport-classes-epoll-4.1.97.Final.jar, C:\Users\nom4d\AppData\Roaming\.tlauncher\legacy\Minecraft\game\libraries\org\lwjgl\lwjgl-glfw\3.3.3\lwjgl-glfw-3.3.3-natives-windows.jar, C:\Users\nom4d\AppData\Roaming\.tlauncher\legacy\Minecraft\game\libraries\com\mojang\logging\1.2.7\logging-1.2.7.jar, C:\Users\nom4d\AppData\Roaming\.tlauncher\legacy\Minecraft\game\libraries\com\google\guava\failureaccess\1.0.1\failureaccess-1.0.1.jar, C:\Users\nom4d\AppData\Roaming\.tlauncher\legacy\Minecraft\game\libraries\net\neoforged\coremods\7.0.3\coremods-7.0.3.jar, C:\Users\nom4d\AppData\Roaming\.tlauncher\legacy\Minecraft\game\libraries\io\netty\netty-transport\4.1.97.Final\netty-transport-4.1.97.Final.jar, C:\Users\nom4d\AppData\Roaming\.tlauncher\legacy\Minecraft\game\libraries\org\codehaus\plexus\plexus-utils\3.3.0\plexus-utils-3.3.0.jar, C:\Users\nom4d\AppData\Roaming\.tlauncher\legacy\Minecraft\game\libraries\org\lwjgl\lwjgl-stb\3.3.3\lwjgl-stb-3.3.3.jar, C:\Users\nom4d\AppData\Roaming\.tlauncher\legacy\Minecraft\game\libraries\org\apache\httpcomponents\httpcore\4.4.16\httpcore-4.4.16.jar, C:\Users\nom4d\AppData\Roaming\.tlauncher\legacy\Minecraft\game\libraries\org\checkerframework\checker-qual\3.33.0\checker-qual-3.33.0.jar, C:\Users\nom4d\AppData\Roaming\.tlauncher\legacy\Minecraft\game\libraries\org\jline\jline-terminal\3.20.0\jline-terminal-3.20.0.jar, C:\Users\nom4d\AppData\Roaming\.tlauncher\legacy\Minecraft\game\libraries\net\fabricmc\sponge-mixin\0.15.2+mixin.0.8.7\sponge-mixin-0.15.2+mixin.0.8.7.jar, C:\Users\nom4d\AppData\Roaming\.tlauncher\legacy\Minecraft\game\libraries\com\google\errorprone\error_prone_annotations\2.18.0\error_prone_annotations-2.18.0.jar, C:\Users\nom4d\AppData\Roaming\.tlauncher\legacy\Minecraft\game\libraries\org\apache\httpcomponents\httpclient\4.5.13\httpclient-4.5.13.jar, C:\Users\nom4d\AppData\Roaming\.tlauncher\legacy\Minecraft\game\libraries\org\lwjgl\lwjgl-tinyfd\3.3.3\lwjgl-tinyfd-3.3.3.jar, C:\Users\nom4d\AppData\Roaming\.tlauncher\legacy\Minecraft\game\libraries\org\lwjgl\lwjgl-glfw\3.3.3\lwjgl-glfw-3.3.3.jar, C:\Users\nom4d\AppData\Roaming\.tlauncher\legacy\Minecraft\game\libraries\org\lwjgl\lwjgl-tinyfd\3.3.3\lwjgl-tinyfd-3.3.3-natives-windows.jar, C:\Users\nom4d\AppData\Roaming\.tlauncher\legacy\Minecraft\game\libraries\com\electronwill\night-config\toml\3.8.3\toml-3.8.3.jar, C:\Users\nom4d\AppData\Roaming\.tlauncher\legacy\Minecraft\game\libraries\io\netty\netty-transport-native-unix-common\4.1.97.Final\netty-transport-native-unix-common-4.1.97.Final.jar, C:\Users\nom4d\AppData\Roaming\.tlauncher\legacy\Minecraft\game\libraries\net\neoforged\fancymodloader\earlydisplay\4.0.42\earlydisplay-4.0.42.jar, C:\Users\nom4d\AppData\Roaming\.tlauncher\legacy\Minecraft\game\libraries\net\neoforged\bus\8.0.5\bus-8.0.5.jar, C:\Users\nom4d\AppData\Roaming\.tlauncher\legacy\Minecraft\game\libraries\org\lwjgl\lwjgl-freetype\3.3.3\lwjgl-freetype-3.3.3-natives-windows.jar, C:\Users\nom4d\AppData\Roaming\.tlauncher\legacy\Minecraft\game\libraries\com\google\j2objc\j2objc-annotations\2.8\j2objc-annotations-2.8.jar, C:\Users\nom4d\AppData\Roaming\.tlauncher\legacy\Minecraft\game\libraries\net\neoforged\fancymodloader\loader\4.0.42\loader-4.0.42.jar, C:\Users\nom4d\AppData\Roaming\.tlauncher\legacy\Minecraft\game\libraries\org\lwjgl\lwjgl-freetype\3.3.3\lwjgl-freetype-3.3.3.jar, C:\Users\nom4d\AppData\Roaming\.tlauncher\legacy\Minecraft\game\libraries\com\electronwill\night-config\core\3.8.3\core-3.8.3.jar, C:\Users\nom4d\AppData\Roaming\.tlauncher\legacy\Minecraft\game\libraries\org\antlr\antlr4-runtime\4.13.1\antlr4-runtime-4.13.1.jar]
[29апр.2026 21:32:03.477] [main/DEBUG] [net.neoforged.fml.loading.FMLServiceProvider/CORE]: Preparing launch handler
[29апр.2026 21:32:03.478] [main/DEBUG] [net.neoforged.fml.loading.FMLLoader/CORE]: Using forgeclient as launch service
[29апр.2026 21:32:03.478] [main/DEBUG] [net.neoforged.fml.common.asm.RuntimeDistCleaner/DISTXFORM]: Configuring for Dist CLIENT
[29апр.2026 21:32:03.479] [main/DEBUG] [cpw.mods.modlauncher.TransformationServiceDecorator/MODLAUNCHER]: Initialized transformation service fml
[29апр.2026 21:32:03.479] [main/DEBUG] [cpw.mods.modlauncher.TransformationServicesHandler/MODLAUNCHER]: Transformation services begin scanning
[29апр.2026 21:32:03.480] [main/DEBUG] [cpw.mods.modlauncher.TransformationServiceDecorator/MODLAUNCHER]: Beginning scan trigger - transformation service mixin
[29апр.2026 21:32:03.480] [main/DEBUG] [cpw.mods.modlauncher.TransformationServiceDecorator/MODLAUNCHER]: End scan trigger - transformation service mixin
[29апр.2026 21:32:03.480] [main/DEBUG] [cpw.mods.modlauncher.TransformationServiceDecorator/MODLAUNCHER]: Beginning scan trigger - transformation service fml
[29апр.2026 21:32:03.480] [main/DEBUG] [net.neoforged.fml.loading.FMLServiceProvider/CORE]: Initiating mod scan
[29апр.2026 21:32:03.496] [main/DEBUG] [net.neoforged.fml.util.ServiceLoaderUtil/CORE]: Found 4 implementations of IModFileCandidateLocator:
[29апр.2026 21:32:03.496] [main/DEBUG] [net.neoforged.fml.util.ServiceLoaderUtil/CORE]: 	    1000 - [built-in] net.neoforged.fml.loading.moddiscovery.locators.ProductionClientProvider from loader-4.0.42.jar
[29апр.2026 21:32:03.498] [main/DEBUG] [net.neoforged.fml.util.ServiceLoaderUtil/CORE]: 	    1000 - [built-in] net.neoforged.fml.loading.moddiscovery.locators.PathBasedLocator from loader-4.0.42.jar
[29апр.2026 21:32:03.498] [main/DEBUG] [net.neoforged.fml.util.ServiceLoaderUtil/CORE]: 	       0 - net.neoforged.fml.loading.moddiscovery.locators.ModsFolderLocator from loader-4.0.42.jar
[29апр.2026 21:32:03.500] [main/DEBUG] [net.neoforged.fml.util.ServiceLoaderUtil/CORE]: 	       0 - net.neoforged.fml.loading.moddiscovery.locators.MavenDirectoryLocator from loader-4.0.42.jar
[29апр.2026 21:32:03.502] [main/DEBUG] [net.neoforged.fml.util.ServiceLoaderUtil/CORE]: Found 2 implementations of IModFileReader:
[29апр.2026 21:32:03.502] [main/DEBUG] [net.neoforged.fml.util.ServiceLoaderUtil/CORE]: 	       0 - net.neoforged.fml.loading.moddiscovery.readers.JarModsDotTomlModFileReader from loader-4.0.42.jar
[29апр.2026 21:32:03.502] [main/DEBUG] [net.neoforged.fml.util.ServiceLoaderUtil/CORE]: 	   -1000 - net.neoforged.fml.loading.moddiscovery.readers.NestedLibraryModReader from loader-4.0.42.jar
[29апр.2026 21:32:03.503] [main/DEBUG] [net.neoforged.fml.util.ServiceLoaderUtil/CORE]: Found 1 implementations of IDependencyLocator:
[29апр.2026 21:32:03.503] [main/DEBUG] [net.neoforged.fml.util.ServiceLoaderUtil/CORE]: 	       0 - net.neoforged.fml.loading.moddiscovery.locators.JarInJarDependencyLocator from loader-4.0.42.jar
[29апр.2026 21:32:03.504] [main/DEBUG] [net.neoforged.fml.loading.moddiscovery.ModDiscoverer/SCAN]: Scanning for mods and other resources to load. We know 4 ways to find mods
[29апр.2026 21:32:03.504] [main/DEBUG] [net.neoforged.fml.loading.moddiscovery.ModDiscoverer/SCAN]: Trying locator production client provider +net.neoforged:neoforge:21.1.228:client
[29апр.2026 21:32:03.667] [pool-2-thread-1/INFO] [EARLYDISPLAY/]: GL info: NVIDIA GeForce RTX 5060 Ti/PCIe/SSE2 GL version 4.6.0 NVIDIA 595.97, NVIDIA Corporation
[29апр.2026 21:32:03.759] [main/DEBUG] [net.neoforged.fml.loading.moddiscovery.ModFileInfo/LOADING]: Found valid mod file client-1.21.1-20240808.144430-srg.jar with {minecraft} mods - versions {1.21.1}
[29апр.2026 21:32:03.759] [main/INFO] [net.neoforged.fml.loading.moddiscovery.ModDiscoverer/SCAN]: Found mod file "client-1.21.1-20240808.144430-srg.jar" [locator: production client provider +net.neoforged:neoforge:21.1.228:client]
[29апр.2026 21:32:03.759] [main/DEBUG] [net.neoforged.fml.loading.moddiscovery.ModDiscoverer/SCAN]: Locator production client provider +net.neoforged:neoforge:21.1.228:client found 1 mods, 0 warnings, 0 errors and skipped 0 candidates
[29апр.2026 21:32:03.760] [main/DEBUG] [net.neoforged.fml.loading.moddiscovery.ModDiscoverer/SCAN]: Trying locator PathBasedLocator[name=neoforge, paths=[C:\Users\nom4d\AppData\Roaming\.tlauncher\legacy\Minecraft\game\libraries\net\neoforged\neoforge\21.1.228\neoforge-21.1.228-universal.jar]]
[29апр.2026 21:32:03.764] [main/DEBUG] [net.neoforged.fml.loading.moddiscovery.readers.JarModsDotTomlModFileReader/SCAN]: Found META-INF/neoforge.mods.toml mod of type null: C:\Users\nom4d\AppData\Roaming\.tlauncher\legacy\Minecraft\game\libraries\net\neoforged\neoforge\21.1.228\neoforge-21.1.228-universal.jar
[29апр.2026 21:32:03.765] [main/DEBUG] [net.neoforged.fml.loading.moddiscovery.ModFileParser/LOADING]: Considering mod file candidate C:\Users\nom4d\AppData\Roaming\.tlauncher\legacy\Minecraft\game\libraries\net\neoforged\neoforge\21.1.228\neoforge-21.1.228-universal.jar
[29апр.2026 21:32:03.777] [main/DEBUG] [net.neoforged.fml.loading.moddiscovery.ModFileInfo/LOADING]: Found valid mod file neoforge-21.1.228-universal.jar with {neoforge} mods - versions {21.1.228}
[29апр.2026 21:32:03.778] [main/INFO] [net.neoforged.fml.loading.moddiscovery.ModDiscoverer/SCAN]: Found mod file "neoforge-21.1.228-universal.jar" [locator: PathBasedLocator[name=neoforge, paths=[C:\Users\nom4d\AppData\Roaming\.tlauncher\legacy\Minecraft\game\libraries\net\neoforged\neoforge\21.1.228\neoforge-21.1.228-universal.jar]], reader: mod manifest]
[29апр.2026 21:32:03.778] [main/DEBUG] [net.neoforged.fml.loading.moddiscovery.ModDiscoverer/SCAN]: Locator PathBasedLocator[name=neoforge, paths=[C:\Users\nom4d\AppData\Roaming\.tlauncher\legacy\Minecraft\game\libraries\net\neoforged\neoforge\21.1.228\neoforge-21.1.228-universal.jar]] found 1 mods, 0 warnings, 0 errors and skipped 0 candidates
[29апр.2026 21:32:03.778] [main/DEBUG] [net.neoforged.fml.loading.moddiscovery.ModDiscoverer/SCAN]: Trying locator {mods folder locator at C:\Users\nom4d\AppData\Roaming\.tlauncher\legacy\Minecraft\game\home\EbenTechno\mods}
[29апр.2026 21:32:03.778] [main/DEBUG] [net.neoforged.fml.loading.moddiscovery.locators.ModsFolderLocator/SCAN]: Scanning mods dir C:\Users\nom4d\AppData\Roaming\.tlauncher\legacy\Minecraft\game\home\EbenTechno\mods for mods
[29апр.2026 21:32:03.779] [main/DEBUG] [net.neoforged.fml.loading.moddiscovery.ModDiscoverer/SCAN]: Locator {mods folder locator at C:\Users\nom4d\AppData\Roaming\.tlauncher\legacy\Minecraft\game\home\EbenTechno\mods} found 0 mods, 0 warnings, 0 errors and skipped 0 candidates
[29апр.2026 21:32:03.780] [main/DEBUG] [net.neoforged.fml.loading.moddiscovery.ModDiscoverer/SCAN]: Trying locator maven libs
[29апр.2026 21:32:03.782] [main/DEBUG] [net.neoforged.fml.loading.moddiscovery.ModListHandler/CORE]: Found mod coordinates from lists: []
[29апр.2026 21:32:03.782] [main/DEBUG] [net.neoforged.fml.loading.moddiscovery.ModDiscoverer/SCAN]: Locator maven libs found 0 mods, 0 warnings, 0 errors and skipped 0 candidates
[29апр.2026 21:32:03.786] [main/DEBUG] [net.neoforged.fml.loading.moddiscovery.ModDiscoverer/SCAN]: Successfully Loaded 2 mods. Attempting to load dependencies...
[29апр.2026 21:32:03.786] [main/DEBUG] [net.neoforged.fml.loading.moddiscovery.ModDiscoverer/SCAN]: Trying locator jarinjar
[29апр.2026 21:32:03.788] [main/TRACE] [net.neoforged.fml.loading.moddiscovery.locators.JarInJarDependencyLocator/]: Failed to load resource META-INF\jarjar\metadata.json from client-1.21.1-20240808.144430-srg.jar, it does not contain dependency information.
[29апр.2026 21:32:03.840] [main/DEBUG] [net.neoforged.fml.loading.moddiscovery.readers.JarModsDotTomlModFileReader/SCAN]: Found META-INF/MANIFEST.MF mod of type GAMELIBRARY: 
[29апр.2026 21:32:03.843] [main/DEBUG] [net.neoforged.fml.loading.moddiscovery.readers.JarModsDotTomlModFileReader/SCAN]: Found META-INF/MANIFEST.MF mod of type LIBRARY: 
[29апр.2026 21:32:03.844] [main/TRACE] [net.neoforged.fml.loading.moddiscovery.locators.JarInJarDependencyLocator/]: Failed to load resource META-INF\jarjar\metadata.json from mixinextras-neoforge-0.5.3.jar, it does not contain dependency information.
[29апр.2026 21:32:03.844] [main/TRACE] [net.neoforged.fml.loading.moddiscovery.locators.JarInJarDependencyLocator/]: Failed to load resource META-INF\jarjar\metadata.json from net.neoforged.neoforge-coremods-21.1.228.jar, it does not contain dependency information.
[29апр.2026 21:32:03.873] [main/DEBUG] [net.neoforged.fml.loading.moddiscovery.readers.JarModsDotTomlModFileReader/SCAN]: Found META-INF/MANIFEST.MF mod of type GAMELIBRARY: 
[29апр.2026 21:32:03.874] [main/DEBUG] [net.neoforged.fml.loading.moddiscovery.readers.JarModsDotTomlModFileReader/SCAN]: Found META-INF/MANIFEST.MF mod of type LIBRARY: 
[29апр.2026 21:32:03.876] [main/INFO] [net.neoforged.fml.loading.moddiscovery.locators.JarInJarDependencyLocator/]: Found 2 dependencies adding them to mods collection
[29апр.2026 21:32:03.877] [main/INFO] [net.neoforged.fml.loading.moddiscovery.ModDiscoverer/SCAN]: Found gamelibrary file "mixinextras-neoforge-0.5.3.jar" [parent: neoforge-21.1.228-universal.jar, locator: jarinjar, reader: mod manifest]
[29апр.2026 21:32:03.877] [main/INFO] [net.neoforged.fml.loading.moddiscovery.ModDiscoverer/SCAN]: Found library file "net.neoforged.neoforge-coremods-21.1.228.jar" [parent: neoforge-21.1.228-universal.jar, locator: jarinjar, reader: mod manifest]
[29апр.2026 21:32:03.878] [main/INFO] [net.neoforged.fml.loading.moddiscovery.ModDiscoverer/]: 
     Mod List:
		Name Version (Mod Id)

		Minecraft 1.21.1 (minecraft)
		NeoForge 21.1.228 (neoforge)
[29апр.2026 21:32:03.879] [main/DEBUG] [net.neoforged.fml.loading.moddiscovery.ModFileInfo/LOADING]: Found valid mod file client-1.21.1-20240808.144430-srg.jar with {minecraft} mods - versions {1.21.1}
[29апр.2026 21:32:03.880] [main/DEBUG] [net.neoforged.fml.loading.moddiscovery.ModFile/LOADING]: Loading mod file C:\Users\nom4d\AppData\Roaming\.tlauncher\legacy\Minecraft\game\libraries\net\minecraft\client\1.21.1-20240808.144430\client-1.21.1-20240808.144430-srg.jar with languages [LanguageSpec[languageName=minecraft, acceptedVersions=1]]
[29апр.2026 21:32:03.881] [main/DEBUG] [net.neoforged.fml.loading.moddiscovery.ModFileParser/LOADING]: Considering mod file candidate C:\Users\nom4d\AppData\Roaming\.tlauncher\legacy\Minecraft\game\libraries\net\neoforged\neoforge\21.1.228\neoforge-21.1.228-universal.jar
[29апр.2026 21:32:03.883] [main/DEBUG] [net.neoforged.fml.loading.moddiscovery.ModFileInfo/LOADING]: Found valid mod file neoforge-21.1.228-universal.jar with {neoforge} mods - versions {21.1.228}
[29апр.2026 21:32:03.883] [main/DEBUG] [net.neoforged.fml.loading.moddiscovery.ModFile/LOADING]: Loading mod file C:\Users\nom4d\AppData\Roaming\.tlauncher\legacy\Minecraft\game\libraries\net\neoforged\neoforge\21.1.228\neoforge-21.1.228-universal.jar with languages [LanguageSpec[languageName=javafml, acceptedVersions=[3,]]]
[29апр.2026 21:32:03.883] [main/DEBUG] [net.neoforged.fml.loading.moddiscovery.ModFile/LOADING]: Found mixin config MixinConfig[config=neoforge.mixins.json, requiredMods=[]]
[29апр.2026 21:32:03.883] [main/DEBUG] [net.neoforged.fml.loading.moddiscovery.ModFile/LOADING]: Loading mod file  with languages []
[29апр.2026 21:32:03.884] [main/DEBUG] [net.neoforged.fml.loading.moddiscovery.ModValidator/SCAN]: Found 3 mod files with 2 mods
[29апр.2026 21:32:03.885] [main/DEBUG] [cpw.mods.modlauncher.TransformationServiceDecorator/MODLAUNCHER]: End scan trigger - transformation service fml
[29апр.2026 21:32:03.895] [main/DEBUG] [net.neoforged.fml.util.ServiceLoaderUtil/CORE]: Found 3 implementations of IModLanguageLoader:
[29апр.2026 21:32:03.895] [main/DEBUG] [net.neoforged.fml.util.ServiceLoaderUtil/CORE]: 	net.neoforged.fml.javafmlmod.FMLJavaModLanguageProvider from loader-4.0.42.jar
[29апр.2026 21:32:03.895] [main/DEBUG] [net.neoforged.fml.util.ServiceLoaderUtil/CORE]: 	net.neoforged.fml.lowcodemod.LowCodeModLanguageProvider from loader-4.0.42.jar
[29апр.2026 21:32:03.895] [main/DEBUG] [net.neoforged.fml.util.ServiceLoaderUtil/CORE]: 	net.neoforged.fml.mclanguageprovider.MinecraftModLanguageProvider from loader-4.0.42.jar
[29апр.2026 21:32:03.896] [main/DEBUG] [net.neoforged.fml.loading.LanguageProviderLoader/CORE]: Found language provider javafml, version 4.0.42
[29апр.2026 21:32:03.896] [main/DEBUG] [net.neoforged.fml.loading.LanguageProviderLoader/CORE]: Found language provider lowcodefml, version 4.0.42
[29апр.2026 21:32:03.897] [main/DEBUG] [net.neoforged.fml.loading.LanguageProviderLoader/CORE]: Found language provider minecraft, version 4.0.42
[29апр.2026 21:32:03.901] [main/DEBUG] [net.neoforged.fml.loading.ModSorter/]: Configured system mods: [minecraft, neoforge]
[29апр.2026 21:32:03.902] [main/DEBUG] [net.neoforged.fml.loading.ModSorter/]: Found system mod: minecraft
[29апр.2026 21:32:03.902] [main/DEBUG] [net.neoforged.fml.loading.ModSorter/]: Found system mod: neoforge
[29апр.2026 21:32:03.904] [main/DEBUG] [net.neoforged.fml.loading.ModSorter/LOADING]: Found 0 mod requirements (0 mandatory, 0 optional)
[29апр.2026 21:32:03.904] [main/DEBUG] [net.neoforged.fml.loading.ModSorter/LOADING]: Found 0 mod requirements missing (0 mandatory, 0 optional)
[29апр.2026 21:32:03.918] [main/DEBUG] [net.neoforged.fml.loading.FMLLoader/SCAN]: Adding Access Transformer in C:\Users\nom4d\AppData\Roaming\.tlauncher\legacy\Minecraft\game\libraries\net\neoforged\neoforge\21.1.228\neoforge-21.1.228-universal.jar
[29апр.2026 21:32:03.923] [main/DEBUG] [AXFORM/AXFORM]: Loading access transformer accesstransformer.cfg
[29апр.2026 21:32:04.032] [main/DEBUG] [AXFORM/AXFORM]: Loaded access transformer accesstransformer.cfg
[29апр.2026 21:32:04.035] [main/DEBUG] [mixin/]: Adding mixin platform agents for container net.neoforged.fml.loading.mixin.FMLMixinContainerHandle@204e90f7
[29апр.2026 21:32:04.035] [main/DEBUG] [mixin/]: Instancing new MixinPlatformAgentMinecraftForge for net.neoforged.fml.loading.mixin.FMLMixinContainerHandle@204e90f7
[29апр.2026 21:32:04.035] [main/DEBUG] [mixin/]: MixinPlatformAgentMinecraftForge rejected container net.neoforged.fml.loading.mixin.FMLMixinContainerHandle@204e90f7
[29апр.2026 21:32:04.035] [main/DEBUG] [mixin/]: Instancing new MixinPlatformAgentDefault for net.neoforged.fml.loading.mixin.FMLMixinContainerHandle@204e90f7
[29апр.2026 21:32:04.035] [main/DEBUG] [mixin/]: MixinPlatformAgentDefault accepted container net.neoforged.fml.loading.mixin.FMLMixinContainerHandle@204e90f7
[29апр.2026 21:32:04.035] [main/DEBUG] [mixin/]: Instancing new FMLMixinPlatformAgent for net.neoforged.fml.loading.mixin.FMLMixinContainerHandle@204e90f7
[29апр.2026 21:32:04.035] [main/DEBUG] [mixin/]: FMLMixinPlatformAgent accepted container net.neoforged.fml.loading.mixin.FMLMixinContainerHandle@204e90f7
[29апр.2026 21:32:04.043] [main/DEBUG] [cpw.mods.modlauncher.TransformationServicesHandler/MODLAUNCHER]: Transformation services loading transformers
[29апр.2026 21:32:04.043] [main/DEBUG] [cpw.mods.modlauncher.TransformationServiceDecorator/MODLAUNCHER]: Initializing transformers for transformation service mixin
[29апр.2026 21:32:04.043] [main/DEBUG] [cpw.mods.modlauncher.TransformationServiceDecorator/MODLAUNCHER]: Initialized transformers for transformation service mixin
[29апр.2026 21:32:04.043] [main/DEBUG] [cpw.mods.modlauncher.TransformationServiceDecorator/MODLAUNCHER]: Initializing transformers for transformation service fml
[29апр.2026 21:32:04.045] [main/DEBUG] [net.neoforged.fml.loading.FMLServiceProvider/LOADING]: Loading coremod transformers
[29апр.2026 21:32:04.045] [main/DEBUG] [net.neoforged.fml.loading.FMLServiceProvider/CORE]: Not loading coremod script-engine since no mod requested it
[29апр.2026 21:32:04.045] [main/DEBUG] [net.neoforged.fml.util.ServiceLoaderUtil/CORE]: Found 1 implementations of ICoreMod:
[29апр.2026 21:32:04.046] [main/DEBUG] [net.neoforged.fml.util.ServiceLoaderUtil/CORE]: 	net.neoforged.neoforge.coremods.NeoForgeCoreMod from neoforge-21.1.228-universal.jar > net.neoforged.neoforge-coremods-21.1.228.jar
[29апр.2026 21:32:04.051] [main/DEBUG] [net.neoforged.fml.loading.FMLServiceProvider/CORE]: Adding [Target[className=net.minecraft.world.level.biome.Biome, elementName=, elementDescriptor=, targetType=cpw.mods.modlauncher.api.TargetType@acb0951]] transformer from core-mod net.neoforged.neoforge.coremods.NeoForgeCoreMod@27a2a089 in neoforge-21.1.228-universal.jar > net.neoforged.neoforge-coremods-21.1.228.jar
[29апр.2026 21:32:04.051] [main/DEBUG] [net.neoforged.fml.loading.FMLServiceProvider/CORE]: Adding [Target[className=net.minecraft.world.level.levelgen.structure.Structure, elementName=, elementDescriptor=, targetType=cpw.mods.modlauncher.api.TargetType@acb0951]] transformer from core-mod net.neoforged.neoforge.coremods.NeoForgeCoreMod@27a2a089 in neoforge-21.1.228-universal.jar > net.neoforged.neoforge-coremods-21.1.228.jar
[29апр.2026 21:32:04.051] [main/DEBUG] [net.neoforged.fml.loading.FMLServiceProvider/CORE]: Adding [Target[className=net.minecraft.world.level.block.FlowerPotBlock, elementName=, elementDescriptor=, targetType=cpw.mods.modlauncher.api.TargetType@acb0951]] transformer from core-mod net.neoforged.neoforge.coremods.NeoForgeCoreMod@27a2a089 in neoforge-21.1.228-universal.jar > net.neoforged.neoforge-coremods-21.1.228.jar
[29апр.2026 21:32:04.052] [main/DEBUG] [net.neoforged.fml.loading.FMLServiceProvider/CORE]: Adding [Target[className=net/minecraft/server/commands/RaidCommand, elementName=, elementDescriptor=, targetType=cpw.mods.modlauncher.api.TargetType@acb0951], Target[className=net/minecraft/world/entity/monster/Evoker$EvokerSummonSpellGoal, elementName=, elementDescriptor=, targetType=cpw.mods.modlauncher.api.TargetType@acb0951], Target[className=net/minecraft/world/entity/monster/ZombieVillager, elementName=, elementDescriptor=, targetType=cpw.mods.modlauncher.api.TargetType@acb0951], Target[className=net/minecraft/world/level/levelgen/PatrolSpawner, elementName=, elementDescriptor=, targetType=cpw.mods.modlauncher.api.TargetType@acb0951], Target[className=net/minecraft/world/level/levelgen/structure/structures/OceanMonumentPieces$OceanMonumentPiece, elementName=, elementDescriptor=, targetType=cpw.mods.modlauncher.api.TargetType@acb0951], Target[className=net/minecraft/world/level/levelgen/structure/structures/SwampHutPiece, elementName=, elementDescriptor=, targetType=cpw.mods.modlauncher.api.TargetType@acb0951], Target[className=net/minecraft/world/entity/animal/frog/Tadpole, elementName=, elementDescriptor=, targetType=cpw.mods.modlauncher.api.TargetType@acb0951], Target[className=net/minecraft/world/entity/npc/Villager, elementName=, elementDescriptor=, targetType=cpw.mods.modlauncher.api.TargetType@acb0951], Target[className=net/minecraft/world/level/levelgen/PhantomSpawner, elementName=, elementDescriptor=, targetType=cpw.mods.modlauncher.api.TargetType@acb0951], Target[className=net/minecraft/world/entity/npc/CatSpawner, elementName=, elementDescriptor=, targetType=cpw.mods.modlauncher.api.TargetType@acb0951], Target[className=net/minecraft/world/entity/monster/Zombie, elementName=, elementDescriptor=, targetType=cpw.mods.modlauncher.api.TargetType@acb0951], Target[className=net/minecraft/world/level/levelgen/structure/structures/OceanRuinPieces$OceanRuinPiece, elementName=, elementDescriptor=, targetType=cpw.mods.modlauncher.api.TargetType@acb0951], Target[className=net/minecraft/world/entity/monster/Spider, elementName=, elementDescriptor=, targetType=cpw.mods.modlauncher.api.TargetType@acb0951], Target[className=net/minecraft/world/level/levelgen/structure/templatesystem/StructureTemplate, elementName=, elementDescriptor=, targetType=cpw.mods.modlauncher.api.TargetType@acb0951], Target[className=net/minecraft/world/entity/animal/horse/SkeletonTrapGoal, elementName=, elementDescriptor=, targetType=cpw.mods.modlauncher.api.TargetType@acb0951], Target[className=net/minecraft/world/entity/ai/village/VillageSiege, elementName=, elementDescriptor=, targetType=cpw.mods.modlauncher.api.TargetType@acb0951], Target[className=net/minecraft/world/entity/EntityType, elementName=, elementDescriptor=, targetType=cpw.mods.modlauncher.api.TargetType@acb0951], Target[className=net/minecraft/world/entity/monster/Strider, elementName=, elementDescriptor=, targetType=cpw.mods.modlauncher.api.TargetType@acb0951], Target[className=net/minecraft/world/entity/raid/Raid, elementName=, elementDescriptor=, targetType=cpw.mods.modlauncher.api.TargetType@acb0951], Target[className=net/minecraft/world/level/NaturalSpawner, elementName=, elementDescriptor=, targetType=cpw.mods.modlauncher.api.TargetType@acb0951], Target[className=net/minecraft/server/commands/SummonCommand, elementName=, elementDescriptor=, targetType=cpw.mods.modlauncher.api.TargetType@acb0951], Target[className=net/minecraft/world/level/levelgen/structure/structures/WoodlandMansionPieces$WoodlandMansionPiece, elementName=, elementDescriptor=, targetType=cpw.mods.modlauncher.api.TargetType@acb0951]] transformer from core-mod net.neoforged.neoforge.coremods.NeoForgeCoreMod@27a2a089 in neoforge-21.1.228-universal.jar > net.neoforged.neoforge-coremods-21.1.228.jar
[29апр.2026 21:32:04.054] [main/DEBUG] [cpw.mods.modlauncher.TransformStore/MODLAUNCHER]: Adding transformer net.neoforged.neoforge.coremods.ReplaceFieldWithGetterAccess@2b59501e to Target : cpw.mods.modlauncher.api.TargetType@acb0951 {Lnet/minecraft/world/level/biome/Biome;} {} {V}
[29апр.2026 21:32:04.055] [main/DEBUG] [cpw.mods.modlauncher.TransformStore/MODLAUNCHER]: Adding transformer net.neoforged.neoforge.coremods.ReplaceFieldWithGetterAccess@4339e0de to Target : cpw.mods.modlauncher.api.TargetType@acb0951 {Lnet/minecraft/world/level/levelgen/structure/Structure;} {} {V}
[29апр.2026 21:32:04.055] [main/DEBUG] [cpw.mods.modlauncher.TransformStore/MODLAUNCHER]: Adding transformer net.neoforged.neoforge.coremods.ReplaceFieldWithGetterAccess@153cd6bb to Target : cpw.mods.modlauncher.api.TargetType@acb0951 {Lnet/minecraft/world/level/block/FlowerPotBlock;} {} {V}
[29апр.2026 21:32:04.055] [main/DEBUG] [cpw.mods.modlauncher.TransformStore/MODLAUNCHER]: Adding transformer net.neoforged.neoforge.coremods.MethodRedirector@61d84e08 to Target : cpw.mods.modlauncher.api.TargetType@acb0951 {Lnet/minecraft/server/commands/RaidCommand;} {} {V}
[29апр.2026 21:32:04.055] [main/DEBUG] [cpw.mods.modlauncher.TransformStore/MODLAUNCHER]: Adding transformer net.neoforged.neoforge.coremods.MethodRedirector@61d84e08 to Target : cpw.mods.modlauncher.api.TargetType@acb0951 {Lnet/minecraft/world/entity/monster/Evoker$EvokerSummonSpellGoal;} {} {V}
[29апр.2026 21:32:04.055] [main/DEBUG] [cpw.mods.modlauncher.TransformStore/MODLAUNCHER]: Adding transformer net.neoforged.neoforge.coremods.MethodRedirector@61d84e08 to Target : cpw.mods.modlauncher.api.TargetType@acb0951 {Lnet/minecraft/world/entity/monster/ZombieVillager;} {} {V}
[29апр.2026 21:32:04.055] [main/DEBUG] [cpw.mods.modlauncher.TransformStore/MODLAUNCHER]: Adding transformer net.neoforged.neoforge.coremods.MethodRedirector@61d84e08 to Target : cpw.mods.modlauncher.api.TargetType@acb0951 {Lnet/minecraft/world/level/levelgen/PatrolSpawner;} {} {V}
[29апр.2026 21:32:04.056] [main/DEBUG] [cpw.mods.modlauncher.TransformStore/MODLAUNCHER]: Adding transformer net.neoforged.neoforge.coremods.MethodRedirector@61d84e08 to Target : cpw.mods.modlauncher.api.TargetType@acb0951 {Lnet/minecraft/world/level/levelgen/structure/structures/OceanMonumentPieces$OceanMonumentPiece;} {} {V}
[29апр.2026 21:32:04.056] [main/DEBUG] [cpw.mods.modlauncher.TransformStore/MODLAUNCHER]: Adding transformer net.neoforged.neoforge.coremods.MethodRedirector@61d84e08 to Target : cpw.mods.modlauncher.api.TargetType@acb0951 {Lnet/minecraft/world/level/levelgen/structure/structures/SwampHutPiece;} {} {V}
[29апр.2026 21:32:04.056] [main/DEBUG] [cpw.mods.modlauncher.TransformStore/MODLAUNCHER]: Adding transformer net.neoforged.neoforge.coremods.MethodRedirector@61d84e08 to Target : cpw.mods.modlauncher.api.TargetType@acb0951 {Lnet/minecraft/world/entity/animal/frog/Tadpole;} {} {V}
[29апр.2026 21:32:04.056] [main/DEBUG] [cpw.mods.modlauncher.TransformStore/MODLAUNCHER]: Adding transformer net.neoforged.neoforge.coremods.MethodRedirector@61d84e08 to Target : cpw.mods.modlauncher.api.TargetType@acb0951 {Lnet/minecraft/world/entity/npc/Villager;} {} {V}
[29апр.2026 21:32:04.056] [main/DEBUG] [cpw.mods.modlauncher.TransformStore/MODLAUNCHER]: Adding transformer net.neoforged.neoforge.coremods.MethodRedirector@61d84e08 to Target : cpw.mods.modlauncher.api.TargetType@acb0951 {Lnet/minecraft/world/level/levelgen/PhantomSpawner;} {} {V}
[29апр.2026 21:32:04.056] [main/DEBUG] [cpw.mods.modlauncher.TransformStore/MODLAUNCHER]: Adding transformer net.neoforged.neoforge.coremods.MethodRedirector@61d84e08 to Target : cpw.mods.modlauncher.api.TargetType@acb0951 {Lnet/minecraft/world/entity/npc/CatSpawner;} {} {V}
[29апр.2026 21:32:04.056] [main/DEBUG] [cpw.mods.modlauncher.TransformStore/MODLAUNCHER]: Adding transformer net.neoforged.neoforge.coremods.MethodRedirector@61d84e08 to Target : cpw.mods.modlauncher.api.TargetType@acb0951 {Lnet/minecraft/world/entity/monster/Zombie;} {} {V}
[29апр.2026 21:32:04.056] [main/DEBUG] [cpw.mods.modlauncher.TransformStore/MODLAUNCHER]: Adding transformer net.neoforged.neoforge.coremods.MethodRedirector@61d84e08 to Target : cpw.mods.modlauncher.api.TargetType@acb0951 {Lnet/minecraft/world/level/levelgen/structure/structures/OceanRuinPieces$OceanRuinPiece;} {} {V}
[29апр.2026 21:32:04.056] [main/DEBUG] [cpw.mods.modlauncher.TransformStore/MODLAUNCHER]: Adding transformer net.neoforged.neoforge.coremods.MethodRedirector@61d84e08 to Target : cpw.mods.modlauncher.api.TargetType@acb0951 {Lnet/minecraft/world/entity/monster/Spider;} {} {V}
[29апр.2026 21:32:04.056] [main/DEBUG] [cpw.mods.modlauncher.TransformStore/MODLAUNCHER]: Adding transformer net.neoforged.neoforge.coremods.MethodRedirector@61d84e08 to Target : cpw.mods.modlauncher.api.TargetType@acb0951 {Lnet/minecraft/world/level/levelgen/structure/templatesystem/StructureTemplate;} {} {V}
[29апр.2026 21:32:04.056] [main/DEBUG] [cpw.mods.modlauncher.TransformStore/MODLAUNCHER]: Adding transformer net.neoforged.neoforge.coremods.MethodRedirector@61d84e08 to Target : cpw.mods.modlauncher.api.TargetType@acb0951 {Lnet/minecraft/world/entity/animal/horse/SkeletonTrapGoal;} {} {V}
[29апр.2026 21:32:04.056] [main/DEBUG] [cpw.mods.modlauncher.TransformStore/MODLAUNCHER]: Adding transformer net.neoforged.neoforge.coremods.MethodRedirector@61d84e08 to Target : cpw.mods.modlauncher.api.TargetType@acb0951 {Lnet/minecraft/world/entity/ai/village/VillageSiege;} {} {V}
[29апр.2026 21:32:04.056] [main/DEBUG] [cpw.mods.modlauncher.TransformStore/MODLAUNCHER]: Adding transformer net.neoforged.neoforge.coremods.MethodRedirector@61d84e08 to Target : cpw.mods.modlauncher.api.TargetType@acb0951 {Lnet/minecraft/world/entity/EntityType;} {} {V}
[29апр.2026 21:32:04.056] [main/DEBUG] [cpw.mods.modlauncher.TransformStore/MODLAUNCHER]: Adding transformer net.neoforged.neoforge.coremods.MethodRedirector@61d84e08 to Target : cpw.mods.modlauncher.api.TargetType@acb0951 {Lnet/minecraft/world/entity/monster/Strider;} {} {V}
[29апр.2026 21:32:04.057] [main/DEBUG] [cpw.mods.modlauncher.TransformStore/MODLAUNCHER]: Adding transformer net.neoforged.neoforge.coremods.MethodRedirector@61d84e08 to Target : cpw.mods.modlauncher.api.TargetType@acb0951 {Lnet/minecraft/world/entity/raid/Raid;} {} {V}
[29апр.2026 21:32:04.057] [main/DEBUG] [cpw.mods.modlauncher.TransformStore/MODLAUNCHER]: Adding transformer net.neoforged.neoforge.coremods.MethodRedirector@61d84e08 to Target : cpw.mods.modlauncher.api.TargetType@acb0951 {Lnet/minecraft/world/level/NaturalSpawner;} {} {V}
[29апр.2026 21:32:04.057] [main/DEBUG] [cpw.mods.modlauncher.TransformStore/MODLAUNCHER]: Adding transformer net.neoforged.neoforge.coremods.MethodRedirector@61d84e08 to Target : cpw.mods.modlauncher.api.TargetType@acb0951 {Lnet/minecraft/server/commands/SummonCommand;} {} {V}
[29апр.2026 21:32:04.057] [main/DEBUG] [cpw.mods.modlauncher.TransformStore/MODLAUNCHER]: Adding transformer net.neoforged.neoforge.coremods.MethodRedirector@61d84e08 to Target : cpw.mods.modlauncher.api.TargetType@acb0951 {Lnet/minecraft/world/level/levelgen/structure/structures/WoodlandMansionPieces$WoodlandMansionPiece;} {} {V}
[29апр.2026 21:32:04.057] [main/DEBUG] [cpw.mods.modlauncher.TransformationServiceDecorator/MODLAUNCHER]: Initialized transformers for transformation service fml
[29апр.2026 21:32:04.179] [main/DEBUG] [mixin/]: Processing prepare() for PlatformAgent[MixinPlatformAgentDefault:ModLauncher Root Container(ModLauncher:4f56a0a2)]
[29апр.2026 21:32:04.179] [main/DEBUG] [mixin/]: Processing prepare() for PlatformAgent[MixinPlatformAgentDefault:net.neoforged.fml.loading.mixin.FMLMixinContainerHandle@204e90f7]
[29апр.2026 21:32:04.179] [main/DEBUG] [mixin/]: Processing prepare() for PlatformAgent[FMLMixinPlatformAgent:null]
[29апр.2026 21:32:04.218] [main/DEBUG] [mixin/]: Processing launch tasks for PlatformAgent[MixinPlatformAgentDefault:ModLauncher Root Container(ModLauncher:4f56a0a2)]
[29апр.2026 21:32:04.218] [main/DEBUG] [mixin/]: Adding mixin platform agents for container SecureJarResource(mixin_synthetic)
[29апр.2026 21:32:04.218] [main/DEBUG] [mixin/]: Instancing new MixinPlatformAgentMinecraftForge for SecureJarResource(mixin_synthetic)
[29апр.2026 21:32:04.218] [main/DEBUG] [mixin/]: MixinPlatformAgentMinecraftForge rejected container SecureJarResource(mixin_synthetic)
[29апр.2026 21:32:04.218] [main/DEBUG] [mixin/]: Instancing new MixinPlatformAgentDefault for SecureJarResource(mixin_synthetic)
[29апр.2026 21:32:04.218] [main/DEBUG] [mixin/]: MixinPlatformAgentDefault accepted container SecureJarResource(mixin_synthetic)
[29апр.2026 21:32:04.219] [main/DEBUG] [mixin/]: Instancing new FMLMixinPlatformAgent for SecureJarResource(mixin_synthetic)
[29апр.2026 21:32:04.219] [main/DEBUG] [mixin/]: FMLMixinPlatformAgent rejected container SecureJarResource(mixin_synthetic)
[29апр.2026 21:32:04.219] [main/DEBUG] [mixin/]: Processing prepare() for PlatformAgent[MixinPlatformAgentDefault:SecureJarResource(mixin_synthetic)]
[29апр.2026 21:32:04.219] [main/DEBUG] [mixin/]: Adding mixin platform agents for container SecureJarResource(minecraft)
[29апр.2026 21:32:04.219] [main/DEBUG] [mixin/]: Instancing new MixinPlatformAgentMinecraftForge for SecureJarResource(minecraft)
[29апр.2026 21:32:04.219] [main/DEBUG] [mixin/]: MixinPlatformAgentMinecraftForge rejected container SecureJarResource(minecraft)
[29апр.2026 21:32:04.219] [main/DEBUG] [mixin/]: Instancing new MixinPlatformAgentDefault for SecureJarResource(minecraft)
[29апр.2026 21:32:04.219] [main/DEBUG] [mixin/]: MixinPlatformAgentDefault accepted container SecureJarResource(minecraft)
[29апр.2026 21:32:04.219] [main/DEBUG] [mixin/]: Instancing new FMLMixinPlatformAgent for SecureJarResource(minecraft)
[29апр.2026 21:32:04.219] [main/DEBUG] [mixin/]: FMLMixinPlatformAgent rejected container SecureJarResource(minecraft)
[29апр.2026 21:32:04.219] [main/DEBUG] [mixin/]: Processing prepare() for PlatformAgent[MixinPlatformAgentDefault:SecureJarResource(minecraft)]
[29апр.2026 21:32:04.219] [main/DEBUG] [mixin/]: Adding mixin platform agents for container SecureJarResource(neoforge)
[29апр.2026 21:32:04.219] [main/DEBUG] [mixin/]: Instancing new MixinPlatformAgentMinecraftForge for SecureJarResource(neoforge)
[29апр.2026 21:32:04.220] [main/DEBUG] [mixin/]: MixinPlatformAgentMinecraftForge rejected container SecureJarResource(neoforge)
[29апр.2026 21:32:04.220] [main/DEBUG] [mixin/]: Instancing new MixinPlatformAgentDefault for SecureJarResource(neoforge)
[29апр.2026 21:32:04.220] [main/DEBUG] [mixin/]: MixinPlatformAgentDefault accepted container SecureJarResource(neoforge)
[29апр.2026 21:32:04.220] [main/DEBUG] [mixin/]: Instancing new FMLMixinPlatformAgent for SecureJarResource(neoforge)
[29апр.2026 21:32:04.220] [main/DEBUG] [mixin/]: FMLMixinPlatformAgent rejected container SecureJarResource(neoforge)
[29апр.2026 21:32:04.220] [main/DEBUG] [mixin/]: Processing prepare() for PlatformAgent[MixinPlatformAgentDefault:SecureJarResource(neoforge)]
[29апр.2026 21:32:04.220] [main/DEBUG] [mixin/]: Adding mixin platform agents for container SecureJarResource(mixinextras.neoforge)
[29апр.2026 21:32:04.220] [main/DEBUG] [mixin/]: Instancing new MixinPlatformAgentMinecraftForge for SecureJarResource(mixinextras.neoforge)
[29апр.2026 21:32:04.220] [main/DEBUG] [mixin/]: MixinPlatformAgentMinecraftForge rejected container SecureJarResource(mixinextras.neoforge)
[29апр.2026 21:32:04.220] [main/DEBUG] [mixin/]: Instancing new MixinPlatformAgentDefault for SecureJarResource(mixinextras.neoforge)
[29апр.2026 21:32:04.220] [main/DEBUG] [mixin/]: MixinPlatformAgentDefault accepted container SecureJarResource(mixinextras.neoforge)
[29апр.2026 21:32:04.220] [main/DEBUG] [mixin/]: Instancing new FMLMixinPlatformAgent for SecureJarResource(mixinextras.neoforge)
[29апр.2026 21:32:04.220] [main/DEBUG] [mixin/]: FMLMixinPlatformAgent rejected container SecureJarResource(mixinextras.neoforge)
[29апр.2026 21:32:04.221] [main/DEBUG] [mixin/]: Processing prepare() for PlatformAgent[MixinPlatformAgentDefault:SecureJarResource(mixinextras.neoforge)]
[29апр.2026 21:32:04.221] [main/DEBUG] [mixin/]: Registering mixin config: mixinextras.init.mixins.json source=SecureJarResource(mixinextras.neoforge)
[29апр.2026 21:32:04.222] [main/DEBUG] [mixin/]: inject() running with 6 agents
[29апр.2026 21:32:04.222] [main/DEBUG] [mixin/]: Processing inject() for PlatformAgent[MixinPlatformAgentDefault:ModLauncher Root Container(ModLauncher:4f56a0a2)]
[29апр.2026 21:32:04.223] [main/DEBUG] [mixin/]: Processing inject() for PlatformAgent[MixinPlatformAgentDefault:net.neoforged.fml.loading.mixin.FMLMixinContainerHandle@204e90f7]
[29апр.2026 21:32:04.223] [main/DEBUG] [mixin/]: Processing inject() for PlatformAgent[FMLMixinPlatformAgent:null]
[29апр.2026 21:32:04.223] [main/DEBUG] [mixin/]: Processing inject() for PlatformAgent[MixinPlatformAgentDefault:SecureJarResource(mixin_synthetic)]
[29апр.2026 21:32:04.223] [main/DEBUG] [mixin/]: Processing inject() for PlatformAgent[MixinPlatformAgentDefault:SecureJarResource(minecraft)]
[29апр.2026 21:32:04.223] [main/DEBUG] [mixin/]: Processing inject() for PlatformAgent[MixinPlatformAgentDefault:SecureJarResource(neoforge)]
[29апр.2026 21:32:04.223] [main/DEBUG] [mixin/]: Processing inject() for PlatformAgent[MixinPlatformAgentDefault:SecureJarResource(mixinextras.neoforge)]
[29апр.2026 21:32:04.223] [main/INFO] [cpw.mods.modlauncher.LaunchServiceHandler/MODLAUNCHER]: Launching target 'forgeclient' with arguments [--version, EbenTechno, --gameDir, C:\Users\nom4d\AppData\Roaming\.tlauncher\legacy\Minecraft\game\home\EbenTechno, --assetsDir, C:\Users\nom4d\AppData\Roaming\.tlauncher\legacy\Minecraft\game\assets, --uuid, e7ca9d8357f631e18623332ad4359215, --username, nom4d, --assetIndex, 17, --accessToken, ❄❄❄❄❄❄❄❄, --clientId, , --xuid, , --userType, legacy, --versionType, release, --width, 925, --height, 530]
[29апр.2026 21:32:04.303] [main/DEBUG] [mixin/]: Preparing mixins for MixinEnvironment[DEFAULT]
[29апр.2026 21:32:04.304] [main/DEBUG] [mixin/]: Selecting config neoforge.mixins.json
[29апр.2026 21:32:04.307] [main/DEBUG] [mixin/]: Selecting config mixinextras.init.mixins.json
[29апр.2026 21:32:04.349] [main/DEBUG] [MixinExtras|Service/]: com.llamalad7.mixinextras.service.MixinExtrasServiceImpl(version=0.5.3) is taking over from null
[29апр.2026 21:32:04.375] [main/DEBUG] [mixin/]: Registering new injector for @Inject with org.spongepowered.asm.mixin.injection.struct.CallbackInjectionInfo
[29апр.2026 21:32:04.377] [main/DEBUG] [mixin/]: Registering new injector for @ModifyArg with org.spongepowered.asm.mixin.injection.struct.ModifyArgInjectionInfo
[29апр.2026 21:32:04.377] [main/DEBUG] [mixin/]: Registering new injector for @ModifyArgs with org.spongepowered.asm.mixin.injection.struct.ModifyArgsInjectionInfo
[29апр.2026 21:32:04.378] [main/DEBUG] [mixin/]: Registering new injector for @Redirect with org.spongepowered.asm.mixin.injection.struct.RedirectInjectionInfo
[29апр.2026 21:32:04.379] [main/DEBUG] [mixin/]: Registering new injector for @ModifyVariable with org.spongepowered.asm.mixin.injection.struct.ModifyVariableInjectionInfo
[29апр.2026 21:32:04.380] [main/DEBUG] [mixin/]: Registering new injector for @ModifyConstant with org.spongepowered.asm.mixin.injection.struct.ModifyConstantInjectionInfo
[29апр.2026 21:32:04.391] [main/DEBUG] [mixin/]: Preparing neoforge.mixins.json (2)
[29апр.2026 21:32:04.408] [main/DEBUG] [net.neoforged.accesstransformer.AccessTransformer/AXFORM]: Transforming net.minecraft.world.level.block.entity.BlockEntityType INNERCLASS BlockEntitySupplier to access PUBLIC and LEAVE
[29апр.2026 21:32:04.430] [main/TRACE] [mixin/]: Added class metadata for net/minecraft/world/level/block/entity/BlockEntityType to metadata cache
[29апр.2026 21:32:04.437] [main/TRACE] [mixin/]: Added class metadata for net/minecraft/core/MappedRegistry to metadata cache
[29апр.2026 21:32:04.437] [main/DEBUG] [mixin/]: Preparing mixinextras.init.mixins.json (0)
[29апр.2026 21:32:04.443] [main/DEBUG] [net.neoforged.fml.common.asm.RuntimeDistCleaner/DISTXFORM]: Removing Class Annotation: net/minecraft/client/gui/screens/LoadingOverlay @Lnet/neoforged/api/distmarker/OnlyIn;
[29апр.2026 21:32:04.446] [main/DEBUG] [net.neoforged.fml.common.asm.RuntimeDistCleaner/DISTXFORM]: Removing Class Annotation: net/minecraft/client/renderer/texture/AbstractTexture @Lnet/neoforged/api/distmarker/OnlyIn;
[29апр.2026 21:32:04.447] [main/DEBUG] [net.neoforged.fml.common.asm.RuntimeDistCleaner/DISTXFORM]: Removing Class Annotation: net/minecraft/client/gui/screens/LoadingOverlay$LogoTexture @Lnet/neoforged/api/distmarker/OnlyIn;
[29апр.2026 21:32:04.448] [main/DEBUG] [net.neoforged.fml.common.asm.RuntimeDistCleaner/DISTXFORM]: Removing Class Annotation: com/mojang/blaze3d/vertex/VertexConsumer @Lnet/neoforged/api/distmarker/OnlyIn;
[29апр.2026 21:32:04.451] [main/DEBUG] [net.neoforged.fml.common.asm.RuntimeDistCleaner/DISTXFORM]: Removing Class Annotation: net/minecraft/client/gui/GuiGraphics @Lnet/neoforged/api/distmarker/OnlyIn;
[29апр.2026 21:32:04.463] [main/DEBUG] [net.neoforged.fml.common.asm.RuntimeDistCleaner/DISTXFORM]: Removing Class Annotation: net/minecraft/client/Minecraft @Lnet/neoforged/api/distmarker/OnlyIn;
[29апр.2026 21:32:04.483] [main/DEBUG] [net.neoforged.accesstransformer.AccessTransformer/AXFORM]: Transforming net.minecraft.util.thread.BlockableEventLoop METHOD submitAsync(Ljava/lang/Runnable;)Ljava/util/concurrent/CompletableFuture; to access PUBLIC and LEAVE
[29апр.2026 21:32:04.689] [main/DEBUG] [io.netty.util.internal.logging.InternalLoggerFactory/]: Using SLF4J as the default logging framework
[29апр.2026 21:32:04.691] [main/DEBUG] [io.netty.util.ResourceLeakDetector/]: -Dio.netty.leakDetection.level: simple
[29апр.2026 21:32:04.693] [main/DEBUG] [io.netty.util.ResourceLeakDetector/]: -Dio.netty.leakDetection.targetRecords: 4
[29апр.2026 21:32:05.521] [main/DEBUG] [oshi.util.FileUtil/]: No oshi.properties file found from ClassLoader cpw.mods.modlauncher.TransformingClassLoader@2c58dcb1
[29апр.2026 21:32:05.928] [Datafixer Bootstrap/INFO] [com.mojang.datafixers.DataFixerBuilder/]: 229 Datafixer optimizations took 434 milliseconds
[29апр.2026 21:32:05.953] [main/DEBUG] [oshi.util.FileUtil/]: No oshi.architecture.properties file found from ClassLoader cpw.mods.modlauncher.TransformingClassLoader@2c58dcb1
[29апр.2026 21:32:06.046] [pool-6-thread-1/INFO] [MixinExtras|Service/]: Initializing MixinExtras via com.llamalad7.mixinextras.service.MixinExtrasServiceImpl(version=0.5.3).
[29апр.2026 21:32:06.047] [pool-6-thread-1/DEBUG] [mixin/]: Registering new injector for @SugarWrapper with com.llamalad7.mixinextras.sugar.impl.SugarWrapperInjectionInfo
[29апр.2026 21:32:06.048] [pool-6-thread-1/DEBUG] [mixin/]: Registering new injector for @FactoryRedirectWrapper with com.llamalad7.mixinextras.wrapper.factory.FactoryRedirectWrapperInjectionInfo
[29апр.2026 21:32:06.048] [pool-6-thread-1/DEBUG] [mixin/]: Registering new injector for @ExpressionInjectorWrapper with com.llamalad7.mixinextras.expression.impl.wrapper.ExpressionInjectorWrapperInjectionInfo
[29апр.2026 21:32:06.061] [pool-6-thread-1/DEBUG] [mixin/]: Mixing MappedRegistryAccessor from neoforge.mixins.json into net.minecraft.core.MappedRegistry
[29апр.2026 21:32:06.064] [pool-6-thread-1/DEBUG] [mixin/]: neoforge.mixins.json:MappedRegistryAccessor from mod neoforge: Class version 65 required is higher than the class version supported by the current version of Mixin (JAVA_16 supports class version 60)
[29апр.2026 21:32:07.144] [pool-6-thread-1/DEBUG] [mixin/]: Mixing BlockEntityTypeAccessor from neoforge.mixins.json into net.minecraft.world.level.block.entity.BlockEntityType
[29апр.2026 21:32:07.145] [pool-6-thread-1/DEBUG] [mixin/]: neoforge.mixins.json:BlockEntityTypeAccessor from mod neoforge: Class version 65 required is higher than the class version supported by the current version of Mixin (JAVA_16 supports class version 60)
[29апр.2026 21:32:08.503] [pool-6-thread-1/DEBUG] [io.netty.util.internal.PlatformDependent0/]: -Dio.netty.noUnsafe: false
[29апр.2026 21:32:08.503] [pool-6-thread-1/DEBUG] [io.netty.util.internal.PlatformDependent0/]: Java version: 21
[29апр.2026 21:32:08.504] [pool-6-thread-1/DEBUG] [io.netty.util.internal.PlatformDependent0/]: sun.misc.Unsafe.theUnsafe: available
[29апр.2026 21:32:08.505] [pool-6-thread-1/DEBUG] [io.netty.util.internal.PlatformDependent0/]: sun.misc.Unsafe.copyMemory: available
[29апр.2026 21:32:08.505] [pool-6-thread-1/DEBUG] [io.netty.util.internal.PlatformDependent0/]: sun.misc.Unsafe.storeFence: available
[29апр.2026 21:32:08.505] [pool-6-thread-1/DEBUG] [io.netty.util.internal.PlatformDependent0/]: java.nio.Buffer.address: available
[29апр.2026 21:32:08.506] [pool-6-thread-1/DEBUG] [io.netty.util.internal.PlatformDependent0/]: java.nio.Bits.unaligned: available, true
[29апр.2026 21:32:08.508] [pool-6-thread-1/DEBUG] [io.netty.util.internal.PlatformDependent0/]: java.nio.DirectByteBuffer.<init>(long, {int,long}): unavailable
[29апр.2026 21:32:08.508] [pool-6-thread-1/DEBUG] [io.netty.util.internal.PlatformDependent/]: sun.misc.Unsafe: available
[29апр.2026 21:32:08.509] [pool-6-thread-1/DEBUG] [io.netty.util.internal.PlatformDependent/]: maxDirectMemory: 4294967296 bytes (maybe)
[29апр.2026 21:32:08.510] [pool-6-thread-1/DEBUG] [io.netty.util.internal.PlatformDependent/]: -Dio.netty.tmpdir: C:\Users\nom4d\AppData\Local\Temp (java.io.tmpdir)
[29апр.2026 21:32:08.510] [pool-6-thread-1/DEBUG] [io.netty.util.internal.PlatformDependent/]: -Dio.netty.bitMode: 64 (sun.arch.data.model)
[29апр.2026 21:32:08.510] [pool-6-thread-1/DEBUG] [io.netty.util.internal.PlatformDependent/]: Platform: Windows
[29апр.2026 21:32:08.511] [pool-6-thread-1/DEBUG] [io.netty.util.internal.PlatformDependent/]: -Dio.netty.maxDirectMemory: -1 bytes
[29апр.2026 21:32:08.511] [pool-6-thread-1/DEBUG] [io.netty.util.internal.PlatformDependent/]: -Dio.netty.uninitializedArrayAllocationThreshold: -1
[29апр.2026 21:32:08.513] [pool-6-thread-1/DEBUG] [io.netty.util.internal.CleanerJava9/]: java.nio.ByteBuffer.cleaner(): available
[29апр.2026 21:32:08.513] [pool-6-thread-1/DEBUG] [io.netty.util.internal.PlatformDependent/]: -Dio.netty.noPreferDirect: false
[29апр.2026 21:32:10.647] [Render thread/WARN] [net.minecraft.server.packs.VanillaPackResourcesBuilder/]: Assets URL 'union:/C:/Users/nom4d/AppData/Roaming/.tlauncher/legacy/Minecraft/game/libraries/net/minecraft/client/1.21.1-20240808.144430/client-1.21.1-20240808.144430-srg.jar%23188!/assets/.mcassetsroot' uses unexpected schema
[29апр.2026 21:32:10.649] [Render thread/WARN] [net.minecraft.server.packs.VanillaPackResourcesBuilder/]: Assets URL 'union:/C:/Users/nom4d/AppData/Roaming/.tlauncher/legacy/Minecraft/game/libraries/net/minecraft/client/1.21.1-20240808.144430/client-1.21.1-20240808.144430-srg.jar%23188!/data/.mcassetsroot' uses unexpected schema
[29апр.2026 21:32:10.678] [Render thread/INFO] [com.mojang.authlib.yggdrasil.YggdrasilAuthenticationService/]: Environment: Environment[sessionHost=https://sessionserver.mojang.com, servicesHost=https://api.minecraftservices.com, name=PROD]
[29апр.2026 21:32:10.689] [Render thread/INFO] [net.minecraft.client.Minecraft/]: Setting user: nom4d
[29апр.2026 21:32:10.780] [Render thread/INFO] [net.minecraft.client.Minecraft/]: Backend library: LWJGL version 3.3.3+5
[29апр.2026 21:32:10.992] [Render thread/DEBUG] [net.neoforged.fml.ModWorkManager/LOADING]: Using 12 threads for parallel mod-loading
[29апр.2026 21:32:11.010] [Render thread/DEBUG] [net.neoforged.fml.javafmlmod.FMLModContainer/LOADING]: Creating FMLModContainer instance for [net.neoforged.neoforge.common.NeoForgeMod, net.neoforged.neoforge.client.ClientNeoForgeMod]
[29апр.2026 21:32:11.040] [modloading-worker-0/DEBUG] [net.neoforged.neoforge.internal.versions.neoforge.NeoForgeVersion/CORE]: Found NeoForge version 21.1.228
[29апр.2026 21:32:11.041] [modloading-worker-0/DEBUG] [net.neoforged.neoforge.internal.versions.neoforge.NeoForgeVersion/CORE]: Found FML version 4.0.42
[29апр.2026 21:32:11.041] [modloading-worker-0/INFO] [net.neoforged.neoforge.common.NeoForgeMod/NEOFORGE-MOD]: NeoForge mod loading, version 21.1.228, for MC 1.21.1
[29апр.2026 21:32:11.073] [modloading-worker-0/DEBUG] [net.neoforged.fml.config.ConfigTracker/CONFIG]: Config file neoforge-client.toml for neoforge tracking
[29апр.2026 21:32:11.073] [modloading-worker-0/DEBUG] [net.neoforged.fml.config.ConfigTracker/CONFIG]: Config file neoforge-server.toml for neoforge tracking
[29апр.2026 21:32:11.073] [modloading-worker-0/DEBUG] [net.neoforged.fml.config.ConfigTracker/CONFIG]: Config file neoforge-common.toml for neoforge tracking
[29апр.2026 21:32:11.129] [modloading-worker-0/DEBUG] [net.neoforged.fml.javafmlmod.AutomaticEventSubscriber/LOADING]: Attempting to inject @EventBusSubscriber classes into the eventbus for neoforge
[29апр.2026 21:32:11.131] [modloading-worker-0/DEBUG] [net.neoforged.fml.javafmlmod.AutomaticEventSubscriber/LOADING]: Scanning class net.neoforged.neoforge.server.command.ConfigCommand for @SubscribeEvent-annotated methods
[29апр.2026 21:32:11.133] [modloading-worker-0/DEBUG] [net.neoforged.fml.javafmlmod.AutomaticEventSubscriber/]: Subscribing @EventBusSubscriber class Lnet/neoforged/neoforge/server/command/ConfigCommand; to the game event bus
[29апр.2026 21:32:11.135] [modloading-worker-0/DEBUG] [net.neoforged.fml.javafmlmod.AutomaticEventSubscriber/LOADING]: Scanning class net.neoforged.neoforge.network.filters.GenericPacketSplitter for @SubscribeEvent-annotated methods
[29апр.2026 21:32:11.159] [modloading-worker-0/DEBUG] [io.netty.buffer.AbstractByteBuf/]: -Dio.netty.buffer.checkAccessible: true
[29апр.2026 21:32:11.159] [modloading-worker-0/DEBUG] [io.netty.buffer.AbstractByteBuf/]: -Dio.netty.buffer.checkBounds: true
[29апр.2026 21:32:11.160] [modloading-worker-0/DEBUG] [io.netty.util.ResourceLeakDetectorFactory/]: Loaded default ResourceLeakDetector: io.netty.util.ResourceLeakDetector@68277fa2
[29апр.2026 21:32:11.169] [modloading-worker-0/DEBUG] [io.netty.util.internal.InternalThreadLocalMap/]: -Dio.netty.threadLocalMap.stringBuilder.initialSize: 1024
[29апр.2026 21:32:11.169] [modloading-worker-0/DEBUG] [io.netty.util.internal.InternalThreadLocalMap/]: -Dio.netty.threadLocalMap.stringBuilder.maxSize: 4096
[29апр.2026 21:32:11.172] [modloading-worker-0/DEBUG] [io.netty.buffer.PooledByteBufAllocator/]: -Dio.netty.allocator.numHeapArenas: 24
[29апр.2026 21:32:11.172] [modloading-worker-0/DEBUG] [io.netty.buffer.PooledByteBufAllocator/]: -Dio.netty.allocator.numDirectArenas: 24
[29апр.2026 21:32:11.172] [modloading-worker-0/DEBUG] [io.netty.buffer.PooledByteBufAllocator/]: -Dio.netty.allocator.pageSize: 8192
[29апр.2026 21:32:11.172] [modloading-worker-0/DEBUG] [io.netty.buffer.PooledByteBufAllocator/]: -Dio.netty.allocator.maxOrder: 9
[29апр.2026 21:32:11.172] [modloading-worker-0/DEBUG] [io.netty.buffer.PooledByteBufAllocator/]: -Dio.netty.allocator.chunkSize: 4194304
[29апр.2026 21:32:11.172] [modloading-worker-0/DEBUG] [io.netty.buffer.PooledByteBufAllocator/]: -Dio.netty.allocator.smallCacheSize: 256
[29апр.2026 21:32:11.172] [modloading-worker-0/DEBUG] [io.netty.buffer.PooledByteBufAllocator/]: -Dio.netty.allocator.normalCacheSize: 64
[29апр.2026 21:32:11.172] [modloading-worker-0/DEBUG] [io.netty.buffer.PooledByteBufAllocator/]: -Dio.netty.allocator.maxCachedBufferCapacity: 32768
[29апр.2026 21:32:11.172] [modloading-worker-0/DEBUG] [io.netty.buffer.PooledByteBufAllocator/]: -Dio.netty.allocator.cacheTrimInterval: 8192
[29апр.2026 21:32:11.172] [modloading-worker-0/DEBUG] [io.netty.buffer.PooledByteBufAllocator/]: -Dio.netty.allocator.cacheTrimIntervalMillis: 0
[29апр.2026 21:32:11.172] [modloading-worker-0/DEBUG] [io.netty.buffer.PooledByteBufAllocator/]: -Dio.netty.allocator.useCacheForAllThreads: false
[29апр.2026 21:32:11.172] [modloading-worker-0/DEBUG] [io.netty.buffer.PooledByteBufAllocator/]: -Dio.netty.allocator.maxCachedByteBuffersPerChunk: 1023
[29апр.2026 21:32:11.182] [modloading-worker-0/DEBUG] [io.netty.buffer.ByteBufUtil/]: -Dio.netty.allocator.type: pooled
[29апр.2026 21:32:11.182] [modloading-worker-0/DEBUG] [io.netty.buffer.ByteBufUtil/]: -Dio.netty.threadLocalDirectBufferSize: 0
[29апр.2026 21:32:11.182] [modloading-worker-0/DEBUG] [io.netty.buffer.ByteBufUtil/]: -Dio.netty.maxThreadLocalCharBufferSize: 16384
[29апр.2026 21:32:11.189] [modloading-worker-0/DEBUG] [net.neoforged.fml.javafmlmod.AutomaticEventSubscriber/]: Subscribing @EventBusSubscriber class Lnet/neoforged/neoforge/network/filters/GenericPacketSplitter; to the mod event bus of mod neoforge
[29апр.2026 21:32:11.193] [modloading-worker-0/DEBUG] [net.neoforged.fml.javafmlmod.AutomaticEventSubscriber/LOADING]: Scanning class net.neoforged.neoforge.network.NetworkInitialization for @SubscribeEvent-annotated methods
[29апр.2026 21:32:11.194] [modloading-worker-0/DEBUG] [net.neoforged.fml.javafmlmod.AutomaticEventSubscriber/]: Subscribing @EventBusSubscriber class Lnet/neoforged/neoforge/network/NetworkInitialization; to the mod event bus of mod neoforge
[29апр.2026 21:32:11.195] [modloading-worker-0/DEBUG] [net.neoforged.fml.javafmlmod.AutomaticEventSubscriber/LOADING]: Scanning class net.neoforged.neoforge.network.ConfigurationInitialization for @SubscribeEvent-annotated methods
[29апр.2026 21:32:11.197] [modloading-worker-0/DEBUG] [net.neoforged.fml.javafmlmod.AutomaticEventSubscriber/]: Subscribing @EventBusSubscriber class Lnet/neoforged/neoforge/network/ConfigurationInitialization; to the mod event bus of mod neoforge
[29апр.2026 21:32:11.197] [modloading-worker-0/DEBUG] [net.neoforged.fml.javafmlmod.AutomaticEventSubscriber/LOADING]: Scanning class net.neoforged.neoforge.common.MonsterRoomHooks for @SubscribeEvent-annotated methods
[29апр.2026 21:32:11.198] [modloading-worker-0/DEBUG] [net.neoforged.fml.javafmlmod.AutomaticEventSubscriber/]: Subscribing @EventBusSubscriber class Lnet/neoforged/neoforge/common/MonsterRoomHooks; to the game event bus
[29апр.2026 21:32:11.198] [modloading-worker-0/DEBUG] [net.neoforged.fml.javafmlmod.AutomaticEventSubscriber/LOADING]: Scanning class net.neoforged.neoforge.common.DeferredSpawnEggItem$CommonHandler for @SubscribeEvent-annotated methods
[29апр.2026 21:32:11.200] [modloading-worker-0/DEBUG] [net.neoforged.fml.javafmlmod.AutomaticEventSubscriber/]: Subscribing @EventBusSubscriber class Lnet/neoforged/neoforge/common/DeferredSpawnEggItem$CommonHandler; to the mod event bus of mod neoforge
[29апр.2026 21:32:11.201] [modloading-worker-0/DEBUG] [net.neoforged.fml.javafmlmod.AutomaticEventSubscriber/LOADING]: Scanning class net.neoforged.neoforge.common.DeferredSpawnEggItem$ColorRegisterHandler for @SubscribeEvent-annotated methods
[29апр.2026 21:32:11.201] [modloading-worker-0/DEBUG] [net.neoforged.fml.javafmlmod.AutomaticEventSubscriber/]: Subscribing @EventBusSubscriber class Lnet/neoforged/neoforge/common/DeferredSpawnEggItem$ColorRegisterHandler; to the mod event bus of mod neoforge
[29апр.2026 21:32:11.202] [modloading-worker-0/DEBUG] [net.neoforged.fml.javafmlmod.AutomaticEventSubscriber/LOADING]: Scanning class net.neoforged.neoforge.client.model.data.ModelDataManager for @SubscribeEvent-annotated methods
[29апр.2026 21:32:11.203] [modloading-worker-0/DEBUG] [net.neoforged.fml.javafmlmod.AutomaticEventSubscriber/]: Subscribing @EventBusSubscriber class Lnet/neoforged/neoforge/client/model/data/ModelDataManager; to the game event bus
[29апр.2026 21:32:11.204] [modloading-worker-0/DEBUG] [net.neoforged.fml.javafmlmod.AutomaticEventSubscriber/LOADING]: Scanning class net.neoforged.neoforge.client.ParticleBoundsDebugRenderer for @SubscribeEvent-annotated methods
[29апр.2026 21:32:11.209] [modloading-worker-0/DEBUG] [net.neoforged.fml.javafmlmod.AutomaticEventSubscriber/]: Subscribing @EventBusSubscriber class Lnet/neoforged/neoforge/client/ParticleBoundsDebugRenderer; to the game event bus
[29апр.2026 21:32:11.210] [modloading-worker-0/DEBUG] [net.neoforged.fml.javafmlmod.AutomaticEventSubscriber/LOADING]: Scanning class net.neoforged.neoforge.client.ClientHooks$ClientEvents for @SubscribeEvent-annotated methods
[29апр.2026 21:32:11.213] [modloading-worker-0/DEBUG] [net.neoforged.fml.javafmlmod.AutomaticEventSubscriber/]: Subscribing @EventBusSubscriber class Lnet/neoforged/neoforge/client/ClientHooks$ClientEvents; to the mod event bus of mod neoforge
[29апр.2026 21:32:11.213] [modloading-worker-0/DEBUG] [net.neoforged.fml.javafmlmod.AutomaticEventSubscriber/LOADING]: Scanning class net.neoforged.neoforge.client.BlockEntityRenderBoundsDebugRenderer for @SubscribeEvent-annotated methods
[29апр.2026 21:32:11.214] [modloading-worker-0/DEBUG] [net.neoforged.fml.javafmlmod.AutomaticEventSubscriber/]: Subscribing @EventBusSubscriber class Lnet/neoforged/neoforge/client/BlockEntityRenderBoundsDebugRenderer; to the game event bus
[29апр.2026 21:32:11.214] [modloading-worker-0/DEBUG] [net.neoforged.fml.javafmlmod.AutomaticEventSubscriber/LOADING]: Scanning class net.neoforged.neoforge.attachment.AttachmentSync for @SubscribeEvent-annotated methods
[29апр.2026 21:32:11.217] [modloading-worker-0/DEBUG] [net.neoforged.fml.javafmlmod.AutomaticEventSubscriber/]: Subscribing @EventBusSubscriber class Lnet/neoforged/neoforge/attachment/AttachmentSync; to the game event bus
[29апр.2026 21:32:11.218] [modloading-worker-0/DEBUG] [net.neoforged.fml.javafmlmod.AutomaticEventSubscriber/LOADING]: Scanning class net.neoforged.neoforge.attachment.AttachmentInternals for @SubscribeEvent-annotated methods
[29апр.2026 21:32:11.219] [modloading-worker-0/DEBUG] [net.neoforged.fml.javafmlmod.AutomaticEventSubscriber/]: Subscribing @EventBusSubscriber class Lnet/neoforged/neoforge/attachment/AttachmentInternals; to the game event bus
[29апр.2026 21:32:11.365] [modloading-sync-worker/DEBUG] [net.neoforged.fml.config.ConfigTracker/CONFIG]: Loading configs type CLIENT
[29апр.2026 21:32:11.374] [modloading-sync-worker/DEBUG] [net.neoforged.neoforge.common.NeoForgeConfig/FORGEMOD]: Loaded NeoForge config file neoforge-client.toml
[29апр.2026 21:32:11.375] [modloading-sync-worker/DEBUG] [net.neoforged.fml.config.ConfigTracker/CONFIG]: Loaded TOML config file C:\Users\nom4d\AppData\Roaming\.tlauncher\legacy\Minecraft\game\home\EbenTechno\config\neoforge-client.toml
[29апр.2026 21:32:11.382] [modloading-sync-worker/DEBUG] [net.neoforged.fml.config.ConfigTracker/CONFIG]: Watching TOML config file C:\Users\nom4d\AppData\Roaming\.tlauncher\legacy\Minecraft\game\home\EbenTechno\config\neoforge-client.toml for changes
[29апр.2026 21:32:11.382] [modloading-sync-worker/DEBUG] [net.neoforged.fml.config.ConfigTracker/CONFIG]: Loading configs type COMMON
[29апр.2026 21:32:11.383] [modloading-sync-worker/DEBUG] [net.neoforged.neoforge.common.NeoForgeConfig/FORGEMOD]: Loaded NeoForge config file neoforge-common.toml
[29апр.2026 21:32:11.383] [modloading-sync-worker/DEBUG] [net.neoforged.fml.config.ConfigTracker/CONFIG]: Loaded TOML config file C:\Users\nom4d\AppData\Roaming\.tlauncher\legacy\Minecraft\game\home\EbenTechno\config\neoforge-common.toml
[29апр.2026 21:32:11.384] [modloading-sync-worker/DEBUG] [net.neoforged.fml.config.ConfigTracker/CONFIG]: Watching TOML config file C:\Users\nom4d\AppData\Roaming\.tlauncher\legacy\Minecraft\game\home\EbenTechno\config\neoforge-common.toml for changes
[29апр.2026 21:32:11.927] [Render thread/INFO] [net.minecraft.server.packs.resources.ReloadableResourceManager/]: Reloading ResourceManager: vanilla, mod_resources, mod/neoforge
[29апр.2026 21:32:11.984] [Render thread/DEBUG] [net.neoforged.fml.DeferredWorkQueue/LOADING]: Dispatching synchronous work for work queue Common setup: 1 jobs
[29апр.2026 21:32:11.987] [Render thread/DEBUG] [net.neoforged.fml.DeferredWorkQueue/LOADING]: Synchronous work queue completed in 1.083 ms
[29апр.2026 21:32:11.987] [Worker-Main-8/INFO] [net.minecraft.client.gui.font.providers.UnihexProvider/]: Found unifont_all_no_pua-15.1.05.hex, loading
[29апр.2026 21:32:12.065] [Worker-Main-10/INFO] [net.minecraft.client.gui.font.providers.UnihexProvider/]: Found unifont_jp_patch-15.1.05.hex, loading
[29апр.2026 21:32:13.394] [Render thread/WARN] [net.minecraft.client.sounds.SoundEngine/]: Missing sound for event: minecraft:item.goat_horn.play
[29апр.2026 21:32:13.395] [Render thread/WARN] [net.minecraft.client.sounds.SoundEngine/]: Missing sound for event: minecraft:entity.goat.screaming.horn_break
[29апр.2026 21:32:13.441] [Render thread/INFO] [com.mojang.blaze3d.audio.Library/]: OpenAL initialized on device OpenAL Soft on Наушники гарнитуры (G435 Wireless Gaming Headset)
[29апр.2026 21:32:13.442] [Render thread/INFO] [net.minecraft.client.sounds.SoundEngine/SOUNDS]: Sound engine started
[29апр.2026 21:32:13.554] [Render thread/INFO] [net.minecraft.client.renderer.texture.TextureAtlas/]: Created: 1024x512x4 minecraft:textures/atlas/blocks.png-atlas
[29апр.2026 21:32:13.561] [Render thread/INFO] [net.minecraft.client.renderer.texture.TextureAtlas/]: Created: 256x256x4 minecraft:textures/atlas/signs.png-atlas
[29апр.2026 21:32:13.562] [Render thread/INFO] [net.minecraft.client.renderer.texture.TextureAtlas/]: Created: 512x512x4 minecraft:textures/atlas/shield_patterns.png-atlas
[29апр.2026 21:32:13.562] [Render thread/INFO] [net.minecraft.client.renderer.texture.TextureAtlas/]: Created: 512x512x4 minecraft:textures/atlas/banner_patterns.png-atlas
[29апр.2026 21:32:13.563] [Render thread/INFO] [net.minecraft.client.renderer.texture.TextureAtlas/]: Created: 1024x1024x4 minecraft:textures/atlas/armor_trims.png-atlas
[29апр.2026 21:32:13.567] [Render thread/INFO] [net.minecraft.client.renderer.texture.TextureAtlas/]: Created: 256x256x4 minecraft:textures/atlas/chest.png-atlas
[29апр.2026 21:32:13.568] [Render thread/INFO] [net.minecraft.client.renderer.texture.TextureAtlas/]: Created: 128x64x4 minecraft:textures/atlas/decorated_pot.png-atlas
[29апр.2026 21:32:13.568] [Render thread/INFO] [net.minecraft.client.renderer.texture.TextureAtlas/]: Created: 512x256x4 minecraft:textures/atlas/beds.png-atlas
[29апр.2026 21:32:13.569] [Render thread/INFO] [net.minecraft.client.renderer.texture.TextureAtlas/]: Created: 512x256x4 minecraft:textures/atlas/shulker_boxes.png-atlas
[29апр.2026 21:32:13.715] [Render thread/INFO] [net.minecraft.client.renderer.texture.TextureAtlas/]: Created: 512x256x0 minecraft:textures/atlas/particles.png-atlas
[29апр.2026 21:32:13.717] [Render thread/INFO] [net.minecraft.client.renderer.texture.TextureAtlas/]: Created: 512x256x0 minecraft:textures/atlas/paintings.png-atlas
[29апр.2026 21:32:13.717] [Render thread/INFO] [net.minecraft.client.renderer.texture.TextureAtlas/]: Created: 256x128x0 minecraft:textures/atlas/mob_effects.png-atlas
[29апр.2026 21:32:13.717] [Render thread/INFO] [net.minecraft.client.renderer.texture.TextureAtlas/]: Created: 64x64x0 minecraft:textures/atlas/map_decorations.png-atlas
[29апр.2026 21:32:13.718] [Render thread/INFO] [net.minecraft.client.renderer.texture.TextureAtlas/]: Created: 1024x512x0 minecraft:textures/atlas/gui.png-atlas
[29апр.2026 21:32:13.737] [Render thread/WARN] [net.minecraft.client.renderer.ShaderInstance/]: Shader rendertype_entity_translucent_emissive could not find sampler named Sampler2 in the specified shader program.
[29апр.2026 21:32:13.780] [Render thread/INFO] [net.neoforged.neoforge.client.entity.animation.json.AnimationLoader/]: Loaded 0 entity animations
[29апр.2026 21:32:18.471] [Render thread/INFO] [net.minecraft.client.Minecraft/]: Stopping!
